
Optional file libmchp_peripheral.a not found

Optional file libmchp_peripheral_32MX795F512L.a not found
Archive member included because of file (symbol)

/opt/microchip/xc32/v1.40/bin/bin/../../lib/gcc/pic32mx/4.8.3/../../../../pic32mx/lib/libpic32.a(memcpy.o)
                              build/default/debug/_ext/1128951024/queue.o (memcpy)
/opt/microchip/xc32/v1.40/bin/bin/../../lib/gcc/pic32mx/4.8.3/../../../../pic32mx/lib/libpic32.a(memset.o)
                              build/default/debug/_ext/1128951024/tasks.o (memset)
/opt/microchip/xc32/v1.40/bin/bin/../../lib/gcc/pic32mx/4.8.3/../../../../pic32mx/lib/libpic32.a(default-bootstrap-exception-handler.o)
                              /opt/microchip/xc32/v1.40/bin/bin/../../lib/gcc/pic32mx/4.8.3/../../../../pic32mx/lib/./proc/32MX795F512L/crt0_mips32r2.o (_bootstrap_exception_handler)
/opt/microchip/xc32/v1.40/bin/bin/../../lib/gcc/pic32mx/4.8.3/../../../../pic32mx/lib/libpic32.a(default-on-reset.o)
                              /opt/microchip/xc32/v1.40/bin/bin/../../lib/gcc/pic32mx/4.8.3/../../../../pic32mx/lib/./proc/32MX795F512L/crt0_mips32r2.o (_on_reset)
/opt/microchip/xc32/v1.40/bin/bin/../../lib/gcc/pic32mx/4.8.3/../../../../pic32mx/lib/libpic32.a(default-on-bootstrap.o)
                              /opt/microchip/xc32/v1.40/bin/bin/../../lib/gcc/pic32mx/4.8.3/../../../../pic32mx/lib/./proc/32MX795F512L/crt0_mips32r2.o (_on_bootstrap)
/opt/microchip/xc32/v1.40/bin/bin/../../lib/gcc/pic32mx/4.8.3/../../../../pic32mx/lib/libpic32.a(default-nmi-handler.o)
                              /opt/microchip/xc32/v1.40/bin/bin/../../lib/gcc/pic32mx/4.8.3/../../../../pic32mx/lib/./proc/32MX795F512L/crt0_mips32r2.o (_nmi_handler)
/opt/microchip/xc32/v1.40/bin/bin/../../lib/gcc/pic32mx/4.8.3/../../../../pic32mx/lib/libpic32.a(general-exception.o)
                              /opt/microchip/xc32/v1.40/bin/bin/../../lib/gcc/pic32mx/4.8.3/../../../../pic32mx/lib/./proc/32MX795F512L/crt0_mips32r2.o (_general_exception_context)
/opt/microchip/xc32/v1.40/bin/bin/../../lib/gcc/pic32mx/4.8.3/../../../../pic32mx/lib/libpic32.a(vector0.o)
                              /opt/microchip/xc32/v1.40/bin/bin/../../lib/gcc/pic32mx/4.8.3/../../../../pic32mx/lib/./proc/32MX795F512L/default_isr_vectors.o (__vector_dispatch_0)
/opt/microchip/xc32/v1.40/bin/bin/../../lib/gcc/pic32mx/4.8.3/../../../../pic32mx/lib/libpic32.a(vector2.o)
                              /opt/microchip/xc32/v1.40/bin/bin/../../lib/gcc/pic32mx/4.8.3/../../../../pic32mx/lib/./proc/32MX795F512L/default_isr_vectors.o (__vector_dispatch_2)
/opt/microchip/xc32/v1.40/bin/bin/../../lib/gcc/pic32mx/4.8.3/../../../../pic32mx/lib/libpic32.a(vector3.o)
                              /opt/microchip/xc32/v1.40/bin/bin/../../lib/gcc/pic32mx/4.8.3/../../../../pic32mx/lib/./proc/32MX795F512L/default_isr_vectors.o (__vector_dispatch_3)
/opt/microchip/xc32/v1.40/bin/bin/../../lib/gcc/pic32mx/4.8.3/../../../../pic32mx/lib/libpic32.a(vector5.o)
                              /opt/microchip/xc32/v1.40/bin/bin/../../lib/gcc/pic32mx/4.8.3/../../../../pic32mx/lib/./proc/32MX795F512L/default_isr_vectors.o (__vector_dispatch_5)
/opt/microchip/xc32/v1.40/bin/bin/../../lib/gcc/pic32mx/4.8.3/../../../../pic32mx/lib/libpic32.a(vector6.o)
                              /opt/microchip/xc32/v1.40/bin/bin/../../lib/gcc/pic32mx/4.8.3/../../../../pic32mx/lib/./proc/32MX795F512L/default_isr_vectors.o (__vector_dispatch_6)
/opt/microchip/xc32/v1.40/bin/bin/../../lib/gcc/pic32mx/4.8.3/../../../../pic32mx/lib/libpic32.a(vector7.o)
                              /opt/microchip/xc32/v1.40/bin/bin/../../lib/gcc/pic32mx/4.8.3/../../../../pic32mx/lib/./proc/32MX795F512L/default_isr_vectors.o (__vector_dispatch_7)
/opt/microchip/xc32/v1.40/bin/bin/../../lib/gcc/pic32mx/4.8.3/../../../../pic32mx/lib/libpic32.a(vector8.o)
                              /opt/microchip/xc32/v1.40/bin/bin/../../lib/gcc/pic32mx/4.8.3/../../../../pic32mx/lib/./proc/32MX795F512L/default_isr_vectors.o (__vector_dispatch_8)
/opt/microchip/xc32/v1.40/bin/bin/../../lib/gcc/pic32mx/4.8.3/../../../../pic32mx/lib/libpic32.a(vector9.o)
                              /opt/microchip/xc32/v1.40/bin/bin/../../lib/gcc/pic32mx/4.8.3/../../../../pic32mx/lib/./proc/32MX795F512L/default_isr_vectors.o (__vector_dispatch_9)
/opt/microchip/xc32/v1.40/bin/bin/../../lib/gcc/pic32mx/4.8.3/../../../../pic32mx/lib/libpic32.a(vector10.o)
                              /opt/microchip/xc32/v1.40/bin/bin/../../lib/gcc/pic32mx/4.8.3/../../../../pic32mx/lib/./proc/32MX795F512L/default_isr_vectors.o (__vector_dispatch_10)
/opt/microchip/xc32/v1.40/bin/bin/../../lib/gcc/pic32mx/4.8.3/../../../../pic32mx/lib/libpic32.a(vector11.o)
                              /opt/microchip/xc32/v1.40/bin/bin/../../lib/gcc/pic32mx/4.8.3/../../../../pic32mx/lib/./proc/32MX795F512L/default_isr_vectors.o (__vector_dispatch_11)
[...]
Memory Configuration

Name             Origin             Length             Attributes
kseg0_data_mem   0x80000000         0x00000200
kseg1_data_mem   0xa0000000         0x00020000         w !x
kseg0_boot_mem   0x9fc00490         0x00000970
kseg1_boot_mem   0xbfc00000         0x00000490
kseg0_program_mem 0x9d000000         0x00080000         xr
exception_mem    0x9fc01000         0x00001000
debug_exec_mem   0xbfc02000         0x00000ff0
config3          0xbfc02ff0         0x00000004
config2          0xbfc02ff4         0x00000004
config1          0xbfc02ff8         0x00000004
config0          0xbfc02ffc         0x00000004
sfrs             0xbf800000         0x00100000
configsfrs       0xbfc02ff0         0x00000010
*default*        0x00000000         0xffffffff

Linker script and memory map


reserve_data_0_kseg0
                0x80000000      0x200
                0x80000000        0x2 SHORT 0x0
                0x000001fd                . = 0x1fd
 *fill*         0x80000002      0x1fb 
                0x80000200                . = ALIGN (0x4)
 *fill*         0x800001fd        0x3 

reserve_data_0_kseg1
                0xa0000000      0x200
                0xa0000000        0x2 SHORT 0x0
                0x000001fd                . = 0x1fd
 *fill*         0xa0000002      0x1fb 
                0xa0000200                . = ALIGN (0x4)
 *fill*         0xa00001fd        0x3 

reserve_boot_0x1fc02000_kseg0
                0x9fc02000      0xff0
                0x9fc02000        0x2 SHORT 0x0
                0x00000500                . = 0x500
 *fill*         0x9fc02002      0x4fe 
                0x9fc02500                . = ALIGN (0x4)
                0x9fc02500        0x2 SHORT 0x0
                0x00000ff0                . = 0xff0
 *fill*         0x9fc02502      0xaee 
                0x9fc02ff0                . = ALIGN (0x4)

reserve_boot_0x1fc02000_kseg1
                0xbfc02000      0xff0
                0xbfc02000        0x2 SHORT 0x0
                0x00000500                . = 0x500
 *fill*         0xbfc02002      0x4fe 
                0xbfc02500                . = ALIGN (0x4)
                0xbfc02500        0x2 SHORT 0x0
                0x00000ff0                . = 0xff0
 *fill*         0xbfc02502      0xaee 
                0xbfc02ff0                . = ALIGN (0x4)
LOAD /opt/microchip/xc32/v1.40/bin/bin/../../lib/gcc/pic32mx/4.8.3/../../../../pic32mx/lib/./proc/32MX795F512L/crt0_mips32r2.o
LOAD /opt/microchip/xc32/v1.40/bin/bin/../../lib/gcc/pic32mx/4.8.3/../../../../pic32mx/lib/software-debug-break.o
LOAD build/default/debug/_ext/639803181/sys_clk_static.o
LOAD build/default/debug/_ext/822048611/sys_ports_static.o
LOAD build/default/debug/_ext/1688732426/system_init.o
LOAD build/default/debug/_ext/1688732426/system_interrupt.o
LOAD build/default/debug/_ext/1688732426/system_exceptions.o
LOAD build/default/debug/_ext/1688732426/system_tasks.o
LOAD build/default/debug/_ext/1688732426/system_interrupt_a.o
LOAD build/default/debug/_ext/1688732426/rtos_hooks.o
LOAD build/default/debug/_ext/1360937237/app.o
LOAD build/default/debug/_ext/1360937237/main.o
LOAD build/default/debug/_ext/24337685/osal_freertos.o
LOAD build/default/debug/_ext/1271179505/sys_devcon.o
LOAD build/default/debug/_ext/1271179505/sys_devcon_pic32mx.o
LOAD build/default/debug/_ext/122796885/sys_int_pic32.o
LOAD build/default/debug/_ext/77319752/sys_ports.o
LOAD build/default/debug/_ext/1856876499/heap_1.o
LOAD build/default/debug/_ext/12131622/port.o
LOAD build/default/debug/_ext/12131622/port_asm.o
LOAD build/default/debug/_ext/1128951024/croutine.o
LOAD build/default/debug/_ext/1128951024/list.o
LOAD build/default/debug/_ext/1128951024/queue.o
LOAD build/default/debug/_ext/1128951024/tasks.o
LOAD build/default/debug/_ext/1128951024/timers.o
LOAD build/default/debug/_ext/1128951024/event_groups.o
LOAD build/default/debug/_ext/1360937237/app_timer.o
LOAD build/default/debug/_ext/1360937237/debug.o
LOAD ../../../../bin/framework/peripheral/PIC32MX795F512L_peripherals.a
                0x00000001                __MPLAB_BUILD = 0x1
                0x00000001                __MPLAB_DEBUG = 0x1
                0x00000001                __DEBUG = 0x1
                0x00000001                __MPLAB_DEBUGGER_PK3 = 0x1
                0x00000000                _min_heap_size = 0x0
LOAD /opt/microchip/xc32/v1.40/bin/bin/../../lib/gcc/pic32mx/4.8.3/../../../../pic32mx/lib/./proc/32MX795F512L/default_isr_vectors.o
LOAD /opt/microchip/xc32/v1.40/bin/bin/../../lib/gcc/pic32mx/4.8.3/../../../../pic32mx/lib/pic32_software_reset.o
                0x00000400                PROVIDE (_min_stack_size, 0x400)
LOAD /opt/microchip/xc32/v1.40/bin/bin/../../lib/gcc/pic32mx/4.8.3/../../../../pic32mx/lib/./proc/32MX795F512L/processor.o
START GROUP
LOAD libmchp_peripheral.a
END GROUP
START GROUP
LOAD libmchp_peripheral_32MX795F512L.a
END GROUP
                0x00000001                PROVIDE (_vector_spacing, 0x1)
                0x9fc01000                _ebase_address = 0x9fc01000
                0xbfc00000                _RESET_ADDR = 0xbfc00000
                0xbfc00380                _BEV_EXCPT_ADDR = 0xbfc00380
                0xbfc00480                _DBG_EXCPT_ADDR = 0xbfc00480
                0xbfc02000                _DBG_CODE_ADDR = 0xbfc02000
                0x00000ff0                _DBG_CODE_SIZE = 0xff0
                0x9fc01180                _GEN_EXCPT_ADDR = (_ebase_address + 0x180)

.config_BFC02FF0
                0xbfc02ff0        0x4
 *(.config_BFC02FF0)
 .config_BFC02FF0
                0xbfc02ff0        0x4 build/default/debug/_ext/1688732426/system_init.o

.config_BFC02FF4
                0xbfc02ff4        0x4
 *(.config_BFC02FF4)
 .config_BFC02FF4
                0xbfc02ff4        0x4 build/default/debug/_ext/1688732426/system_init.o

.config_BFC02FF8
                0xbfc02ff8        0x4
 *(.config_BFC02FF8)
 .config_BFC02FF8
                0xbfc02ff8        0x4 build/default/debug/_ext/1688732426/system_init.o

.config_BFC02FFC
                0xbfc02ffc        0x4
 *(.config_BFC02FFC)
 .config_BFC02FFC
                0xbfc02ffc        0x4 build/default/debug/_ext/1688732426/system_init.o
                0xbfc02000                PROVIDE (_DBG_CODE_ADDR, 0xbfc02000)
                0x00000ff0                PROVIDE (_DBG_CODE_SIZE, 0xff0)

.reset          0xbfc00000      0x1f4
 *(.reset)
 .reset         0xbfc00000        0x8 /opt/microchip/xc32/v1.40/bin/bin/../../lib/gcc/pic32mx/4.8.3/../../../../pic32mx/lib/./proc/32MX795F512L/crt0_mips32r2.o
                0xbfc00000                _reset
 *(.reset.startup)
 .reset.startup
                0xbfc00008      0x1ec /opt/microchip/xc32/v1.40/bin/bin/../../lib/gcc/pic32mx/4.8.3/../../../../pic32mx/lib/./proc/32MX795F512L/crt0_mips32r2.o

.bev_excpt      0xbfc00380       0x10
 *(.bev_handler)
 .bev_handler   0xbfc00380       0x10 /opt/microchip/xc32/v1.40/bin/bin/../../lib/gcc/pic32mx/4.8.3/../../../../pic32mx/lib/./proc/32MX795F512L/crt0_mips32r2.o

.dbg_excpt      0xbfc00480        0x0
                0xbfc00480                . = (. + DEFINED (_DEBUGGER)?0x8:0x0)

.dbg_code       0xbfc02000        0x0
                0xbfc02000                . = (. + DEFINED (_DEBUGGER)?_DBG_CODE_SIZE:0x0)

.app_excpt      0x9fc01180       0x10
 *(.gen_handler)
 .gen_handler   0x9fc01180       0x10 /opt/microchip/xc32/v1.40/bin/bin/../../lib/gcc/pic32mx/4.8.3/../../../../pic32mx/lib/./proc/32MX795F512L/crt0_mips32r2.o

.vector_0       0x9fc01200        0x8
 *(.vector_0)
 .vector_0      0x9fc01200        0x8 /opt/microchip/xc32/v1.40/bin/bin/../../lib/gcc/pic32mx/4.8.3/../../../../pic32mx/lib/libpic32.a(vector0.o)
                0x9fc01200                __vector_dispatch_0
                0x00000001                ASSERT (((_vector_spacing == 0x0) || (SIZEOF (.vector_0) <= (_vector_spacing << 0x5))), function at exception vector 0 too large)

.vector_1       0x9fc01220        0x8
 *(.vector_1)
 .vector_1      0x9fc01220        0x8 build/default/debug/_ext/12131622/port.o
                0x9fc01220                __vector_dispatch_1
                0x00000001                ASSERT (((_vector_spacing == 0x0) || (SIZEOF (.vector_1) <= (_vector_spacing << 0x5))), function at exception vector 1 too large)

.vector_2       0x9fc01240        0x8
 *(.vector_2)
 .vector_2      0x9fc01240        0x8 /opt/microchip/xc32/v1.40/bin/bin/../../lib/gcc/pic32mx/4.8.3/../../../../pic32mx/lib/libpic32.a(vector2.o)
                0x9fc01240                __vector_dispatch_2
                0x00000001                ASSERT (((_vector_spacing == 0x0) || (SIZEOF (.vector_2) <= (_vector_spacing << 0x5))), function at exception vector 2 too large)

.vector_3       0x9fc01260        0x8
 *(.vector_3)
 .vector_3      0x9fc01260        0x8 /opt/microchip/xc32/v1.40/bin/bin/../../lib/gcc/pic32mx/4.8.3/../../../../pic32mx/lib/libpic32.a(vector3.o)
                0x9fc01260                __vector_dispatch_3
                0x00000001                ASSERT (((_vector_spacing == 0x0) || (SIZEOF (.vector_3) <= (_vector_spacing << 0x5))), function at exception vector 3 too large)

.vector_4       0x9fc01280        0x8
 *(.vector_4)
 .vector_4      0x9fc01280        0x8 build/default/debug/_ext/12131622/port.o
                0x9fc01280                __vector_dispatch_4
                0x00000001                ASSERT (((_vector_spacing == 0x0) || (SIZEOF (.vector_4) <= (_vector_spacing << 0x5))), function at exception vector 4 too large)

.vector_5       0x9fc012a0        0x8
 *(.vector_5)
 .vector_5      0x9fc012a0        0x8 /opt/microchip/xc32/v1.40/bin/bin/../../lib/gcc/pic32mx/4.8.3/../../../../pic32mx/lib/libpic32.a(vector5.o)
                0x9fc012a0                __vector_dispatch_5
                0x00000001                ASSERT (((_vector_spacing == 0x0) || (SIZEOF (.vector_5) <= (_vector_spacing << 0x5))), function at exception vector 5 too large)

.vector_6       0x9fc012c0        0x8
 *(.vector_6)
 .vector_6      0x9fc012c0        0x8 /opt/microchip/xc32/v1.40/bin/bin/../../lib/gcc/pic32mx/4.8.3/../../../../pic32mx/lib/libpic32.a(vector6.o)
                0x9fc012c0                __vector_dispatch_6
                0x00000001                ASSERT (((_vector_spacing == 0x0) || (SIZEOF (.vector_6) <= (_vector_spacing << 0x5))), function at exception vector 6 too large)

.vector_7       0x9fc012e0        0x8
 *(.vector_7)
 .vector_7      0x9fc012e0        0x8 /opt/microchip/xc32/v1.40/bin/bin/../../lib/gcc/pic32mx/4.8.3/../../../../pic32mx/lib/libpic32.a(vector7.o)
                0x9fc012e0                __vector_dispatch_7
                0x00000001                ASSERT (((_vector_spacing == 0x0) || (SIZEOF (.vector_7) <= (_vector_spacing << 0x5))), function at exception vector 7 too large)

.vector_8       0x9fc01300        0x8
 *(.vector_8)
 .vector_8      0x9fc01300        0x8 /opt/microchip/xc32/v1.40/bin/bin/../../lib/gcc/pic32mx/4.8.3/../../../../pic32mx/lib/libpic32.a(vector8.o)
                0x9fc01300                __vector_dispatch_8
                0x00000001                ASSERT (((_vector_spacing == 0x0) || (SIZEOF (.vector_8) <= (_vector_spacing << 0x5))), function at exception vector 8 too large)

.vector_9       0x9fc01320        0x8
 *(.vector_9)
 .vector_9      0x9fc01320        0x8 /opt/microchip/xc32/v1.40/bin/bin/../../lib/gcc/pic32mx/4.8.3/../../../../pic32mx/lib/libpic32.a(vector9.o)
                0x9fc01320                __vector_dispatch_9
                0x00000001                ASSERT (((_vector_spacing == 0x0) || (SIZEOF (.vector_9) <= (_vector_spacing << 0x5))), function at exception vector 9 too large)

.vector_10      0x9fc01340        0x8
 *(.vector_10)
 .vector_10     0x9fc01340        0x8 /opt/microchip/xc32/v1.40/bin/bin/../../lib/gcc/pic32mx/4.8.3/../../../../pic32mx/lib/libpic32.a(vector10.o)
                0x9fc01340                __vector_dispatch_10
                0x00000001                ASSERT (((_vector_spacing == 0x0) || (SIZEOF (.vector_10) <= (_vector_spacing << 0x5))), function at exception vector 10 too large)

.vector_11      0x9fc01360        0x8
 *(.vector_11)
 .vector_11     0x9fc01360        0x8 /opt/microchip/xc32/v1.40/bin/bin/../../lib/gcc/pic32mx/4.8.3/../../../../pic32mx/lib/libpic32.a(vector11.o)
                0x9fc01360                __vector_dispatch_11
                0x00000001                ASSERT (((_vector_spacing == 0x0) || (SIZEOF (.vector_11) <= (_vector_spacing << 0x5))), function at exception vector 11 too large)

.vector_12      0x9fc01380        0x8
 *(.vector_12)
 .vector_12     0x9fc01380        0x8 /opt/microchip/xc32/v1.40/bin/bin/../../lib/gcc/pic32mx/4.8.3/../../../../pic32mx/lib/libpic32.a(vector12.o)
                0x9fc01380                __vector_dispatch_12
                0x00000001                ASSERT (((_vector_spacing == 0x0) || (SIZEOF (.vector_12) <= (_vector_spacing << 0x5))), function at exception vector 12 too large)

.vector_13      0x9fc013a0        0x8
 *(.vector_13)
 .vector_13     0x9fc013a0        0x8 /opt/microchip/xc32/v1.40/bin/bin/../../lib/gcc/pic32mx/4.8.3/../../../../pic32mx/lib/libpic32.a(vector13.o)
                0x9fc013a0                __vector_dispatch_13
                0x00000001                ASSERT (((_vector_spacing == 0x0) || (SIZEOF (.vector_13) <= (_vector_spacing << 0x5))), function at exception vector 13 too large)

.vector_14      0x9fc013c0        0x8
 *(.vector_14)
 .vector_14     0x9fc013c0        0x8 /opt/microchip/xc32/v1.40/bin/bin/../../lib/gcc/pic32mx/4.8.3/../../../../pic32mx/lib/libpic32.a(vector14.o)
                0x9fc013c0                __vector_dispatch_14
                0x00000001                ASSERT (((_vector_spacing == 0x0) || (SIZEOF (.vector_14) <= (_vector_spacing << 0x5))), function at exception vector 14 too large)

.vector_15      0x9fc013e0        0x8
 *(.vector_15)
 .vector_15     0x9fc013e0        0x8 /opt/microchip/xc32/v1.40/bin/bin/../../lib/gcc/pic32mx/4.8.3/../../../../pic32mx/lib/libpic32.a(vector15.o)
                0x9fc013e0                __vector_dispatch_15
                0x00000001                ASSERT (((_vector_spacing == 0x0) || (SIZEOF (.vector_15) <= (_vector_spacing << 0x5))), function at exception vector 15 too large)

.vector_16      0x9fc01400        0x8
 *(.vector_16)
 .vector_16     0x9fc01400        0x8 /opt/microchip/xc32/v1.40/bin/bin/../../lib/gcc/pic32mx/4.8.3/../../../../pic32mx/lib/libpic32.a(vector16.o)
                0x9fc01400                __vector_dispatch_16
                0x00000001                ASSERT (((_vector_spacing == 0x0) || (SIZEOF (.vector_16) <= (_vector_spacing << 0x5))), function at exception vector 16 too large)

.vector_17      0x9fc01420        0x8
 *(.vector_17)
 .vector_17     0x9fc01420        0x8 /opt/microchip/xc32/v1.40/bin/bin/../../lib/gcc/pic32mx/4.8.3/../../../../pic32mx/lib/libpic32.a(vector17.o)
                0x9fc01420                __vector_dispatch_17
                0x00000001                ASSERT (((_vector_spacing == 0x0) || (SIZEOF (.vector_17) <= (_vector_spacing << 0x5))), function at exception vector 17 too large)

.vector_18      0x9fc01440        0x8
 *(.vector_18)
 .vector_18     0x9fc01440        0x8 /opt/microchip/xc32/v1.40/bin/bin/../../lib/gcc/pic32mx/4.8.3/../../../../pic32mx/lib/libpic32.a(vector18.o)
                0x9fc01440                __vector_dispatch_18
                0x00000001                ASSERT (((_vector_spacing == 0x0) || (SIZEOF (.vector_18) <= (_vector_spacing << 0x5))), function at exception vector 18 too large)

.vector_19      0x9fc01460        0x8
 *(.vector_19)
 .vector_19     0x9fc01460        0x8 /opt/microchip/xc32/v1.40/bin/bin/../../lib/gcc/pic32mx/4.8.3/../../../../pic32mx/lib/libpic32.a(vector19.o)
                0x9fc01460                __vector_dispatch_19
                0x00000001                ASSERT (((_vector_spacing == 0x0) || (SIZEOF (.vector_19) <= (_vector_spacing << 0x5))), function at exception vector 19 too large)

.vector_20      0x9fc01480        0x8
 *(.vector_20)
 .vector_20     0x9fc01480        0x8 /opt/microchip/xc32/v1.40/bin/bin/../../lib/gcc/pic32mx/4.8.3/../../../../pic32mx/lib/libpic32.a(vector20.o)
                0x9fc01480                __vector_dispatch_20
                0x00000001                ASSERT (((_vector_spacing == 0x0) || (SIZEOF (.vector_20) <= (_vector_spacing << 0x5))), function at exception vector 20 too large)

.vector_21      0x9fc014a0        0x8
 *(.vector_21)
 .vector_21     0x9fc014a0        0x8 /opt/microchip/xc32/v1.40/bin/bin/../../lib/gcc/pic32mx/4.8.3/../../../../pic32mx/lib/libpic32.a(vector21.o)
                0x9fc014a0                __vector_dispatch_21
                0x00000001                ASSERT (((_vector_spacing == 0x0) || (SIZEOF (.vector_21) <= (_vector_spacing << 0x5))), function at exception vector 21 too large)

.vector_22      0x9fc014c0        0x8
 *(.vector_22)
 .vector_22     0x9fc014c0        0x8 /opt/microchip/xc32/v1.40/bin/bin/../../lib/gcc/pic32mx/4.8.3/../../../../pic32mx/lib/libpic32.a(vector22.o)
                0x9fc014c0                __vector_dispatch_22
                0x00000001                ASSERT (((_vector_spacing == 0x0) || (SIZEOF (.vector_22) <= (_vector_spacing << 0x5))), function at exception vector 22 too large)

.vector_23      0x9fc014e0        0x8
 *(.vector_23)
 .vector_23     0x9fc014e0        0x8 /opt/microchip/xc32/v1.40/bin/bin/../../lib/gcc/pic32mx/4.8.3/../../../../pic32mx/lib/libpic32.a(vector23.o)
                0x9fc014e0                __vector_dispatch_23
                0x00000001                ASSERT (((_vector_spacing == 0x0) || (SIZEOF (.vector_23) <= (_vector_spacing << 0x5))), function at exception vector 23 too large)

.vector_24      0x9fc01500        0x8
 *(.vector_24)
 .vector_24     0x9fc01500        0x8 /opt/microchip/xc32/v1.40/bin/bin/../../lib/gcc/pic32mx/4.8.3/../../../../pic32mx/lib/libpic32.a(vector24.o)
                0x9fc01500                __vector_dispatch_24
                0x00000001                ASSERT (((_vector_spacing == 0x0) || (SIZEOF (.vector_24) <= (_vector_spacing << 0x5))), function at exception vector 24 too large)

.vector_25      0x9fc01520        0x8
 *(.vector_25)
 .vector_25     0x9fc01520        0x8 /opt/microchip/xc32/v1.40/bin/bin/../../lib/gcc/pic32mx/4.8.3/../../../../pic32mx/lib/libpic32.a(vector25.o)
                0x9fc01520                __vector_dispatch_25
                0x00000001                ASSERT (((_vector_spacing == 0x0) || (SIZEOF (.vector_25) <= (_vector_spacing << 0x5))), function at exception vector 25 too large)

.vector_26      0x9fc01540        0x8
 *(.vector_26)
 .vector_26     0x9fc01540        0x8 /opt/microchip/xc32/v1.40/bin/bin/../../lib/gcc/pic32mx/4.8.3/../../../../pic32mx/lib/libpic32.a(vector26.o)
                0x9fc01540                __vector_dispatch_26
                0x00000001                ASSERT (((_vector_spacing == 0x0) || (SIZEOF (.vector_26) <= (_vector_spacing << 0x5))), function at exception vector 26 too large)

.vector_27      0x9fc01560        0x8
 *(.vector_27)
 .vector_27     0x9fc01560        0x8 /opt/microchip/xc32/v1.40/bin/bin/../../lib/gcc/pic32mx/4.8.3/../../../../pic32mx/lib/libpic32.a(vector27.o)
                0x9fc01560                __vector_dispatch_27
                0x00000001                ASSERT (((_vector_spacing == 0x0) || (SIZEOF (.vector_27) <= (_vector_spacing << 0x5))), function at exception vector 27 too large)

.vector_28      0x9fc01580        0x8
 *(.vector_28)
 .vector_28     0x9fc01580        0x8 /opt/microchip/xc32/v1.40/bin/bin/../../lib/gcc/pic32mx/4.8.3/../../../../pic32mx/lib/libpic32.a(vector28.o)
                0x9fc01580                __vector_dispatch_28
                0x00000001                ASSERT (((_vector_spacing == 0x0) || (SIZEOF (.vector_28) <= (_vector_spacing << 0x5))), function at exception vector 28 too large)

.vector_29      0x9fc015a0        0x8
 *(.vector_29)
 .vector_29     0x9fc015a0        0x8 /opt/microchip/xc32/v1.40/bin/bin/../../lib/gcc/pic32mx/4.8.3/../../../../pic32mx/lib/libpic32.a(vector29.o)
                0x9fc015a0                __vector_dispatch_29
                0x00000001                ASSERT (((_vector_spacing == 0x0) || (SIZEOF (.vector_29) <= (_vector_spacing << 0x5))), function at exception vector 29 too large)

.vector_30      0x9fc015c0        0x8
 *(.vector_30)
 .vector_30     0x9fc015c0        0x8 /opt/microchip/xc32/v1.40/bin/bin/../../lib/gcc/pic32mx/4.8.3/../../../../pic32mx/lib/libpic32.a(vector30.o)
                0x9fc015c0                __vector_dispatch_30
                0x00000001                ASSERT (((_vector_spacing == 0x0) || (SIZEOF (.vector_30) <= (_vector_spacing << 0x5))), function at exception vector 30 too large)

.vector_31      0x9fc015e0        0x8
 *(.vector_31)
 .vector_31     0x9fc015e0        0x8 /opt/microchip/xc32/v1.40/bin/bin/../../lib/gcc/pic32mx/4.8.3/../../../../pic32mx/lib/libpic32.a(vector31.o)
                0x9fc015e0                __vector_dispatch_31
                0x00000001                ASSERT (((_vector_spacing == 0x0) || (SIZEOF (.vector_31) <= (_vector_spacing << 0x5))), function at exception vector 31 too large)

.vector_32      0x9fc01600        0x8
 *(.vector_32)
 .vector_32     0x9fc01600        0x8 /opt/microchip/xc32/v1.40/bin/bin/../../lib/gcc/pic32mx/4.8.3/../../../../pic32mx/lib/libpic32.a(vector32.o)
                0x9fc01600                __vector_dispatch_32
                0x00000001                ASSERT (((_vector_spacing == 0x0) || (SIZEOF (.vector_32) <= (_vector_spacing << 0x5))), function at exception vector 32 too large)

.vector_33      0x9fc01620        0x8
 *(.vector_33)
 .vector_33     0x9fc01620        0x8 /opt/microchip/xc32/v1.40/bin/bin/../../lib/gcc/pic32mx/4.8.3/../../../../pic32mx/lib/libpic32.a(vector33.o)
                0x9fc01620                __vector_dispatch_33
                0x00000001                ASSERT (((_vector_spacing == 0x0) || (SIZEOF (.vector_33) <= (_vector_spacing << 0x5))), function at exception vector 33 too large)

.vector_34      0x9fc01640        0x8
 *(.vector_34)
 .vector_34     0x9fc01640        0x8 /opt/microchip/xc32/v1.40/bin/bin/../../lib/gcc/pic32mx/4.8.3/../../../../pic32mx/lib/libpic32.a(vector34.o)
                0x9fc01640                __vector_dispatch_34
                0x00000001                ASSERT (((_vector_spacing == 0x0) || (SIZEOF (.vector_34) <= (_vector_spacing << 0x5))), function at exception vector 34 too large)

.vector_35      0x9fc01660        0x8
 *(.vector_35)
 .vector_35     0x9fc01660        0x8 /opt/microchip/xc32/v1.40/bin/bin/../../lib/gcc/pic32mx/4.8.3/../../../../pic32mx/lib/libpic32.a(vector35.o)
                0x9fc01660                __vector_dispatch_35
                0x00000001                ASSERT (((_vector_spacing == 0x0) || (SIZEOF (.vector_35) <= (_vector_spacing << 0x5))), function at exception vector 35 too large)

.vector_36      0x9fc01680        0x8
 *(.vector_36)
 .vector_36     0x9fc01680        0x8 /opt/microchip/xc32/v1.40/bin/bin/../../lib/gcc/pic32mx/4.8.3/../../../../pic32mx/lib/libpic32.a(vector36.o)
                0x9fc01680                __vector_dispatch_36
                0x00000001                ASSERT (((_vector_spacing == 0x0) || (SIZEOF (.vector_36) <= (_vector_spacing << 0x5))), function at exception vector 36 too large)

.vector_37      0x9fc016a0        0x8
 *(.vector_37)
 .vector_37     0x9fc016a0        0x8 /opt/microchip/xc32/v1.40/bin/bin/../../lib/gcc/pic32mx/4.8.3/../../../../pic32mx/lib/libpic32.a(vector37.o)
                0x9fc016a0                __vector_dispatch_37
                0x00000001                ASSERT (((_vector_spacing == 0x0) || (SIZEOF (.vector_37) <= (_vector_spacing << 0x5))), function at exception vector 37 too large)

.vector_38      0x9fc016c0        0x8
 *(.vector_38)
 .vector_38     0x9fc016c0        0x8 /opt/microchip/xc32/v1.40/bin/bin/../../lib/gcc/pic32mx/4.8.3/../../../../pic32mx/lib/libpic32.a(vector38.o)
                0x9fc016c0                __vector_dispatch_38
                0x00000001                ASSERT (((_vector_spacing == 0x0) || (SIZEOF (.vector_38) <= (_vector_spacing << 0x5))), function at exception vector 38 too large)

.vector_39      0x9fc016e0        0x8
 *(.vector_39)
 .vector_39     0x9fc016e0        0x8 /opt/microchip/xc32/v1.40/bin/bin/../../lib/gcc/pic32mx/4.8.3/../../../../pic32mx/lib/libpic32.a(vector39.o)
                0x9fc016e0                __vector_dispatch_39
                0x00000001                ASSERT (((_vector_spacing == 0x0) || (SIZEOF (.vector_39) <= (_vector_spacing << 0x5))), function at exception vector 39 too large)

.vector_40      0x9fc01700        0x8
 *(.vector_40)
 .vector_40     0x9fc01700        0x8 /opt/microchip/xc32/v1.40/bin/bin/../../lib/gcc/pic32mx/4.8.3/../../../../pic32mx/lib/libpic32.a(vector40.o)
                0x9fc01700                __vector_dispatch_40
                0x00000001                ASSERT (((_vector_spacing == 0x0) || (SIZEOF (.vector_40) <= (_vector_spacing << 0x5))), function at exception vector 40 too large)

.vector_41      0x9fc01720        0x8
 *(.vector_41)
 .vector_41     0x9fc01720        0x8 /opt/microchip/xc32/v1.40/bin/bin/../../lib/gcc/pic32mx/4.8.3/../../../../pic32mx/lib/libpic32.a(vector41.o)
                0x9fc01720                __vector_dispatch_41
                0x00000001                ASSERT (((_vector_spacing == 0x0) || (SIZEOF (.vector_41) <= (_vector_spacing << 0x5))), function at exception vector 41 too large)

.vector_42      0x9fc01740        0x8
 *(.vector_42)
 .vector_42     0x9fc01740        0x8 /opt/microchip/xc32/v1.40/bin/bin/../../lib/gcc/pic32mx/4.8.3/../../../../pic32mx/lib/libpic32.a(vector42.o)
                0x9fc01740                __vector_dispatch_42
                0x00000001                ASSERT (((_vector_spacing == 0x0) || (SIZEOF (.vector_42) <= (_vector_spacing << 0x5))), function at exception vector 42 too large)

.vector_43      0x9fc01760        0x8
 *(.vector_43)
 .vector_43     0x9fc01760        0x8 /opt/microchip/xc32/v1.40/bin/bin/../../lib/gcc/pic32mx/4.8.3/../../../../pic32mx/lib/libpic32.a(vector43.o)
                0x9fc01760                __vector_dispatch_43
                0x00000001                ASSERT (((_vector_spacing == 0x0) || (SIZEOF (.vector_43) <= (_vector_spacing << 0x5))), function at exception vector 43 too large)

.vector_44      0x9fc01780        0x8
 *(.vector_44)
 .vector_44     0x9fc01780        0x8 /opt/microchip/xc32/v1.40/bin/bin/../../lib/gcc/pic32mx/4.8.3/../../../../pic32mx/lib/libpic32.a(vector44.o)
                0x9fc01780                __vector_dispatch_44
                0x00000001                ASSERT (((_vector_spacing == 0x0) || (SIZEOF (.vector_44) <= (_vector_spacing << 0x5))), function at exception vector 44 too large)

.vector_45      0x9fc017a0        0x8
 *(.vector_45)
 .vector_45     0x9fc017a0        0x8 /opt/microchip/xc32/v1.40/bin/bin/../../lib/gcc/pic32mx/4.8.3/../../../../pic32mx/lib/libpic32.a(vector45.o)
                0x9fc017a0                __vector_dispatch_45
                0x00000001                ASSERT (((_vector_spacing == 0x0) || (SIZEOF (.vector_45) <= (_vector_spacing << 0x5))), function at exception vector 45 too large)

.vector_46      0x9fc017c0        0x8
 *(.vector_46)
 .vector_46     0x9fc017c0        0x8 /opt/microchip/xc32/v1.40/bin/bin/../../lib/gcc/pic32mx/4.8.3/../../../../pic32mx/lib/libpic32.a(vector46.o)
                0x9fc017c0                __vector_dispatch_46
                0x00000001                ASSERT (((_vector_spacing == 0x0) || (SIZEOF (.vector_46) <= (_vector_spacing << 0x5))), function at exception vector 46 too large)

.vector_47      0x9fc017e0        0x8
 *(.vector_47)
 .vector_47     0x9fc017e0        0x8 /opt/microchip/xc32/v1.40/bin/bin/../../lib/gcc/pic32mx/4.8.3/../../../../pic32mx/lib/libpic32.a(vector47.o)
                0x9fc017e0                __vector_dispatch_47
                0x00000001                ASSERT (((_vector_spacing == 0x0) || (SIZEOF (.vector_47) <= (_vector_spacing << 0x5))), function at exception vector 47 too large)

.vector_48      0x9fc01800        0x8
 *(.vector_48)
 .vector_48     0x9fc01800        0x8 /opt/microchip/xc32/v1.40/bin/bin/../../lib/gcc/pic32mx/4.8.3/../../../../pic32mx/lib/libpic32.a(vector48.o)
                0x9fc01800                __vector_dispatch_48
                0x00000001                ASSERT (((_vector_spacing == 0x0) || (SIZEOF (.vector_48) <= (_vector_spacing << 0x5))), function at exception vector 48 too large)

.vector_49      0x9fc01820        0x8
 *(.vector_49)
 .vector_49     0x9fc01820        0x8 /opt/microchip/xc32/v1.40/bin/bin/../../lib/gcc/pic32mx/4.8.3/../../../../pic32mx/lib/libpic32.a(vector49.o)
                0x9fc01820                __vector_dispatch_49
                0x00000001                ASSERT (((_vector_spacing == 0x0) || (SIZEOF (.vector_49) <= (_vector_spacing << 0x5))), function at exception vector 49 too large)

.vector_50      0x9fc01840        0x8
 *(.vector_50)
 .vector_50     0x9fc01840        0x8 /opt/microchip/xc32/v1.40/bin/bin/../../lib/gcc/pic32mx/4.8.3/../../../../pic32mx/lib/libpic32.a(vector50.o)
                0x9fc01840                __vector_dispatch_50
                0x00000001                ASSERT (((_vector_spacing == 0x0) || (SIZEOF (.vector_50) <= (_vector_spacing << 0x5))), function at exception vector 50 too large)

.vector_51      0x9fc01860        0x8
 *(.vector_51)
 .vector_51     0x9fc01860        0x8 /opt/microchip/xc32/v1.40/bin/bin/../../lib/gcc/pic32mx/4.8.3/../../../../pic32mx/lib/libpic32.a(vector51.o)
                0x9fc01860                __vector_dispatch_51
                0x00000001                ASSERT (((_vector_spacing == 0x0) || (SIZEOF (.vector_51) <= (_vector_spacing << 0x5))), function at exception vector 51 too large)

.vector_52      0x9fc01880        0x0
 *(.vector_52)
                0x00000001                ASSERT (((_vector_spacing == 0x0) || (SIZEOF (.vector_52) <= (_vector_spacing << 0x5))), function at exception vector 52 too large)

.vector_53      0x9fc018a0        0x0
 *(.vector_53)
                0x00000001                ASSERT (((_vector_spacing == 0x0) || (SIZEOF (.vector_53) <= (_vector_spacing << 0x5))), function at exception vector 53 too large)

.vector_54      0x9fc018c0        0x0
 *(.vector_54)
                0x00000001                ASSERT (((_vector_spacing == 0x0) || (SIZEOF (.vector_54) <= (_vector_spacing << 0x5))), function at exception vector 54 too large)

.vector_55      0x9fc018e0        0x0
 *(.vector_55)
                0x00000001                ASSERT (((_vector_spacing == 0x0) || (SIZEOF (.vector_55) <= (_vector_spacing << 0x5))), function at exception vector 55 too large)

.vector_56      0x9fc01900        0x0
 *(.vector_56)
                0x00000001                ASSERT (((_vector_spacing == 0x0) || (SIZEOF (.vector_56) <= (_vector_spacing << 0x5))), function at exception vector 56 too large)

.vector_57      0x9fc01920        0x0
 *(.vector_57)
                0x00000001                ASSERT (((_vector_spacing == 0x0) || (SIZEOF (.vector_57) <= (_vector_spacing << 0x5))), function at exception vector 57 too large)

.vector_58      0x9fc01940        0x0
 *(.vector_58)
                0x00000001                ASSERT (((_vector_spacing == 0x0) || (SIZEOF (.vector_58) <= (_vector_spacing << 0x5))), function at exception vector 58 too large)

.vector_59      0x9fc01960        0x0
 *(.vector_59)
                0x00000001                ASSERT (((_vector_spacing == 0x0) || (SIZEOF (.vector_59) <= (_vector_spacing << 0x5))), function at exception vector 59 too large)

.vector_60      0x9fc01980        0x0
 *(.vector_60)
                0x00000001                ASSERT (((_vector_spacing == 0x0) || (SIZEOF (.vector_60) <= (_vector_spacing << 0x5))), function at exception vector 60 too large)

.vector_61      0x9fc019a0        0x0
 *(.vector_61)
                0x00000001                ASSERT (((_vector_spacing == 0x0) || (SIZEOF (.vector_61) <= (_vector_spacing << 0x5))), function at exception vector 61 too large)

.vector_62      0x9fc019c0        0x0
 *(.vector_62)
                0x00000001                ASSERT (((_vector_spacing == 0x0) || (SIZEOF (.vector_62) <= (_vector_spacing << 0x5))), function at exception vector 62 too large)

.vector_63      0x9fc019e0        0x0
 *(.vector_63)
                0x00000001                ASSERT (((_vector_spacing == 0x0) || (SIZEOF (.vector_63) <= (_vector_spacing << 0x5))), function at exception vector 63 too large)

.startup
 *(.startup)

.text           0x9d000000        0x0
 *(.stub .gnu.linkonce.t.*)
 *(.text.*personality*)
 *(.mips16.fn.*)
 *(.mips16.call.*)
 *(.gnu.warning)
                0x9d000000                . = ALIGN (0x4)

.init           0x9d000000        0x0
 *crti.o(.init)
 *crtbegin.o(.init)
 *(EXCLUDE_FILE(*crtn.o *crtend?.o *crtend.o) .init)
 *crtend.o(.init)
 *crtn.o(.init)
                0x9d000000                . = ALIGN (0x4)

.fini           0x9d000000        0x0
 *(.fini)
                0x9d000000                . = ALIGN (0x4)

.preinit_array  0x9d000000        0x0
                0x9d000000                PROVIDE (__preinit_array_start, .)
 *(.preinit_array)
                0x9d000000                PROVIDE (__preinit_array_end, .)
                0x9d000000                . = ALIGN (0x4)

.init_array     0x9d000000        0x0
                0x9d000000                PROVIDE (__init_array_start, .)
 *(SORT(.init_array.*))
 *(.init_array)
                0x9d000000                PROVIDE (__init_array_end, .)
                0x9d000000                . = ALIGN (0x4)

.fini_array     0x9d000000        0x0
                0x9d000000                PROVIDE (__fini_array_start, .)
 *(SORT(.fini_array.*))
 *(.fini_array)
                0x9d000000                PROVIDE (__fini_array_end, .)
                0x9d000000                . = ALIGN (0x4)

.ctors          0x9d000000        0x0
 *crtbegin.o(.ctors)
 *crtbegin?.o(.ctors)
 *(EXCLUDE_FILE(*crtend?.o *crtend.o) .ctors)
 *(SORT(.ctors.*))
 *(.ctors)
                0x9d000000                . = ALIGN (0x4)

.dtors          0x9d000000        0x0
 *crtbegin.o(.dtors)
 *crtbegin?.o(.dtors)
 *(EXCLUDE_FILE(*crtend?.o *crtend.o) .dtors)
 *(SORT(.dtors.*))
 *(.dtors)
                0x9d000000                . = ALIGN (0x4)

.rodata         0x9d000000        0x0
 *(.gnu.linkonce.r.*)
 *(.rodata1)
                0x9d000000                . = ALIGN (0x4)

.sdata2         0x9fc00490        0x0
 *(.sdata2 .sdata2.* .gnu.linkonce.s2.*)
                0x9fc00490                . = ALIGN (0x4)

.sbss2          0x9fc00490        0x0
 *(.sbss2 .sbss2.* .gnu.linkonce.sb2.*)
                0x9fc00490                . = ALIGN (0x4)

.eh_frame_hdr
 *(.eh_frame_hdr)
                0x9fc00490                . = ALIGN (0x4)

.eh_frame
 *(.eh_frame)
                0x9fc00490                . = ALIGN (0x4)

.gcc_except_table
 *(.gcc_except_table .gcc_except_table.*)
                0x9fc00490                . = ALIGN (0x4)

.dbg_data       0xa0000200        0x0
                0xa0000200                . = (. + DEFINED (_DEBUGGER)?0x200:0x0)

.jcr            0xa0000200        0x0
 *(.jcr)
                0xa0000200                . = ALIGN (0x4)

.eh_frame
 *(.eh_frame)
                0xa0000200                . = ALIGN (0x4)

.gcc_except_table
 *(.gcc_except_table .gcc_except_table.*)
                0xa0000200                . = ALIGN (0x4)

.persist        0xa0000200        0x0
                0xa0000200                _persist_begin = .
 *(.persist .persist.*)
 *(.pbss .pbss.*)
                0xa0000200                . = ALIGN (0x4)
                0xa0000200                _persist_end = .

.data           0xa0000200        0x0
 *(.gnu.linkonce.d.*)
 *(.data1)
                0xa0000200                . = ALIGN (0x4)
                0xa0000200                . = .
                0xa00081f0                _gp = (ALIGN (0x10) + 0x7ff0)

.got            0xa0000200        0x0
 *(.got.plt)
 *(.got)
                0xa0000200                . = ALIGN (0x4)

.sdata          0xa0000200        0x8
                0xa0000200                _sdata_begin = .
 *(.sdata .sdata.* .gnu.linkonce.s.*)
 .sdata         0xa0000200        0x4 build/default/debug/_ext/12131622/port.o
                0xa0000200                uxInterruptNesting
 .sdata         0xa0000204        0x4 build/default/debug/_ext/1128951024/tasks.o
                0xa0000204                xNextTaskUnblockTime
                0xa0000208                . = ALIGN (0x4)
                0xa0000208                _sdata_end = .

.lit8
 *(.lit8)

.lit4
 *(.lit4)
                0xa0000208                . = ALIGN (0x4)
                0xa0000208                _data_end = .
                0xa0000208                _bss_begin = .

.sbss           0xa0000208       0x74
                0xa0000208                _sbss_begin = .
 *(.dynsbss)
 *(.sbss .sbss.* .gnu.linkonce.sb.*)
 .sbss          0xa0000208        0xc build/default/debug/_ext/1688732426/system_exceptions.o
 .sbss          0xa0000214        0x8 build/default/debug/_ext/1360937237/app.o
                0xa0000214                xQueue
                0xa0000218                counter
 .sbss          0xa000021c        0x8 build/default/debug/_ext/1856876499/heap_1.o
 .sbss          0xa0000224        0x4 build/default/debug/_ext/12131622/port.o
                0xa0000224                uxSavedTaskStackPointer
 .sbss          0xa0000228       0x2c build/default/debug/_ext/1128951024/tasks.o
                0xa0000228                pxCurrentTCB
                0xa000022c                uxTasksDeleted
                0xa0000230                uxCurrentNumberOfTasks
                0xa0000234                xTickCount
                0xa0000238                uxTopReadyPriority
                0xa000023c                xSchedulerRunning
                0xa0000240                uxPendedTicks
                0xa0000244                xYieldPending
                0xa0000248                xNumOfOverflows
                0xa000024c                uxTaskNumber
                0xa0000250                uxSchedulerSuspended
 .sbss          0xa0000254       0x10 build/default/debug/_ext/1128951024/timers.o
 *(.scommon)
 .scommon       0xa0000264        0x4 build/default/debug/_ext/1688732426/system_init.o
                0xa0000264                sysObj
 .scommon       0xa0000268        0x4 build/default/debug/_ext/1360937237/app.o
                0xa0000268                appData
 .scommon       0xa000026c        0x8 build/default/debug/_ext/1271179505/sys_devcon.o
                0xa000026c                sysDevconObj
 .scommon       0xa0000274        0x8 build/default/debug/_ext/1128951024/tasks.o
                0xa0000274                pxDelayedTaskList
                0xa0000278                pxOverflowDelayedTaskList
                0xa000027c                _sbss_end = .
                0xa000027c                . = ALIGN (0x4)

.bss            0xa000027c       0xc8
 *(.dynbss)
 *(COMMON)
 COMMON         0xa000027c       0xc8 build/default/debug/_ext/1128951024/tasks.o
                0xa000027c                pxReadyTasksLists
                0xa00002e0                xPendingReadyList
                0xa00002f4                xTasksWaitingTermination
                0xa0000308                xSuspendedTaskList
                0xa000031c                xDelayedTaskList2
                0xa0000330                xDelayedTaskList1
                0xa0000344                . = ALIGN ((. != 0x0)?0x4:0x1)
                0xa0000344                . = ALIGN (0x4)
                0xa0000344                _end = .
                0xa0000344                _bss_end = .
                0x00020000                _bmxdudba_address = 0x20000
                0x00020000                _bmxdupba_address = 0x20000

/DISCARD/
 *(.pdr)
 *(.rel.dyn)
 *(.note.GNU-stack)
 *(.note.GNU-stack)
 *(.gnu_debuglink)
 *(.gnu.lto_*)
 *(.discard)

.gptab.sdata
 *(.gptab.data)
 *(.gptab.sdata)

.gptab.sbss
 *(.gptab.bss)
 *(.gptab.sbss)

.mdebug.abi32   0xa0000344        0x0
 *(.mdebug.abi32)
 .mdebug.abi32  0xa0000344        0x0 /opt/microchip/xc32/v1.40/bin/bin/../../lib/gcc/pic32mx/4.8.3/../../../../pic32mx/lib/software-debug-break.o
 .mdebug.abi32  0xa0000344        0x0 build/default/debug/_ext/639803181/sys_clk_static.o
 .mdebug.abi32  0xa0000344        0x0 build/default/debug/_ext/822048611/sys_ports_static.o
 .mdebug.abi32  0xa0000344        0x0 build/default/debug/_ext/1688732426/system_init.o
 .mdebug.abi32  0xa0000344        0x0 build/default/debug/_ext/1688732426/system_interrupt.o
 .mdebug.abi32  0xa0000344        0x0 build/default/debug/_ext/1688732426/system_exceptions.o
 .mdebug.abi32  0xa0000344        0x0 build/default/debug/_ext/1688732426/system_tasks.o
 .mdebug.abi32  0xa0000344        0x0 build/default/debug/_ext/1688732426/rtos_hooks.o
 .mdebug.abi32  0xa0000344        0x0 build/default/debug/_ext/1360937237/app.o
 .mdebug.abi32  0xa0000344        0x0 build/default/debug/_ext/1360937237/main.o
 .mdebug.abi32  0xa0000344        0x0 build/default/debug/_ext/24337685/osal_freertos.o
 .mdebug.abi32  0xa0000344        0x0 build/default/debug/_ext/1271179505/sys_devcon.o
 .mdebug.abi32  0xa0000344        0x0 build/default/debug/_ext/1271179505/sys_devcon_pic32mx.o
 .mdebug.abi32  0xa0000344        0x0 build/default/debug/_ext/122796885/sys_int_pic32.o
 .mdebug.abi32  0xa0000344        0x0 build/default/debug/_ext/77319752/sys_ports.o
 .mdebug.abi32  0xa0000344        0x0 build/default/debug/_ext/1856876499/heap_1.o
 .mdebug.abi32  0xa0000344        0x0 build/default/debug/_ext/12131622/port.o
 .mdebug.abi32  0xa0000344        0x0 build/default/debug/_ext/1128951024/croutine.o
 .mdebug.abi32  0xa0000344        0x0 build/default/debug/_ext/1128951024/list.o
 .mdebug.abi32  0xa0000344        0x0 build/default/debug/_ext/1128951024/queue.o
 .mdebug.abi32  0xa0000344        0x0 build/default/debug/_ext/1128951024/tasks.o
 .mdebug.abi32  0xa0000344        0x0 build/default/debug/_ext/1128951024/timers.o
 .mdebug.abi32  0xa0000344        0x0 build/default/debug/_ext/1128951024/event_groups.o
 .mdebug.abi32  0xa0000344        0x0 build/default/debug/_ext/1360937237/app_timer.o
 .mdebug.abi32  0xa0000344        0x0 build/default/debug/_ext/1360937237/debug.o
 .mdebug.abi32  0xa0000344        0x0 /opt/microchip/xc32/v1.40/bin/bin/../../lib/gcc/pic32mx/4.8.3/../../../../pic32mx/lib/libpic32.a(default-bootstrap-exception-handler.o)
 .mdebug.abi32  0xa0000344        0x0 /opt/microchip/xc32/v1.40/bin/bin/../../lib/gcc/pic32mx/4.8.3/../../../../pic32mx/lib/libpic32.a(default-on-reset.o)
 .mdebug.abi32  0xa0000344        0x0 /opt/microchip/xc32/v1.40/bin/bin/../../lib/gcc/pic32mx/4.8.3/../../../../pic32mx/lib/libpic32.a(default-on-bootstrap.o)
 .mdebug.abi32  0xa0000344        0x0 /opt/microchip/xc32/v1.40/bin/bin/../../lib/gcc/pic32mx/4.8.3/../../../../pic32mx/lib/libpic32.a(defaultinterrupt.o)

.mdebug.abiN32
 *(.mdebug.abiN32)

.mdebug.abi64
 *(.mdebug.abi64)

.mdebug.abiO64
 *(.mdebug.abiO64)

.mdebug.eabi32
 *(.mdebug.eabi32)

.mdebug.eabi64
 *(.mdebug.eabi64)

.gcc_compiled_long32
 *(.gcc_compiled_long32)

.gcc_compiled_long64
 *(.gcc_compiled_long64)

.stab
 *(.stab)

.stabstr
 *(.stabstr)

.stab.excl
 *(.stab.excl)

.stab.exclstr
 *(.stab.exclstr)

.stab.index
 *(.stab.index)

.stab.indexstr
 *(.stab.indexstr)

.comment        0x00000000       0x6c
 *(.comment)
 .comment       0x00000000       0x3c /opt/microchip/xc32/v1.40/bin/bin/../../lib/gcc/pic32mx/4.8.3/../../../../pic32mx/lib/software-debug-break.o
                                 0x3d (size before relaxing)
 .comment       0x00000000       0x3d build/default/debug/_ext/639803181/sys_clk_static.o
 .comment       0x00000000       0x3d build/default/debug/_ext/822048611/sys_ports_static.o
 .comment       0x00000000       0x3d build/default/debug/_ext/1688732426/system_init.o
 .comment       0x00000000       0x3d build/default/debug/_ext/1688732426/system_interrupt.o
 .comment       0x00000000       0x3d build/default/debug/_ext/1688732426/system_exceptions.o
 .comment       0x00000000       0x3d build/default/debug/_ext/1688732426/system_tasks.o
 .comment       0x00000000       0x3d build/default/debug/_ext/1688732426/rtos_hooks.o
 .comment       0x00000000       0x3d build/default/debug/_ext/1360937237/app.o
 .comment       0x00000000       0x3d build/default/debug/_ext/1360937237/main.o
 .comment       0x00000000       0x3d build/default/debug/_ext/24337685/osal_freertos.o
 .comment       0x00000000       0x3d build/default/debug/_ext/1271179505/sys_devcon.o
 .comment       0x00000000       0x3d build/default/debug/_ext/1271179505/sys_devcon_pic32mx.o
 .comment       0x00000000       0x3d build/default/debug/_ext/122796885/sys_int_pic32.o
 .comment       0x00000000       0x3d build/default/debug/_ext/77319752/sys_ports.o
 .comment       0x00000000       0x3d build/default/debug/_ext/1856876499/heap_1.o
 .comment       0x00000000       0x3d build/default/debug/_ext/12131622/port.o
 .comment       0x00000000       0x3d build/default/debug/_ext/1128951024/croutine.o
 .comment       0x00000000       0x3d build/default/debug/_ext/1128951024/list.o
 .comment       0x00000000       0x3d build/default/debug/_ext/1128951024/queue.o
 .comment       0x00000000       0x3d build/default/debug/_ext/1128951024/tasks.o
 .comment       0x00000000       0x3d build/default/debug/_ext/1128951024/timers.o
 .comment       0x00000000       0x3d build/default/debug/_ext/1128951024/event_groups.o
 .comment       0x00000000       0x3d build/default/debug/_ext/1360937237/app_timer.o
 .comment       0x00000000       0x3d build/default/debug/_ext/1360937237/debug.o
 .comment       0x0000003c       0x18 /opt/microchip/xc32/v1.40/bin/bin/../../lib/gcc/pic32mx/4.8.3/../../../../pic32mx/lib/libpic32.a(memset.o)
                                 0x19 (size before relaxing)
 .comment       0x00000000       0x3d /opt/microchip/xc32/v1.40/bin/bin/../../lib/gcc/pic32mx/4.8.3/../../../../pic32mx/lib/libpic32.a(default-bootstrap-exception-handler.o)
 .comment       0x00000000       0x3d /opt/microchip/xc32/v1.40/bin/bin/../../lib/gcc/pic32mx/4.8.3/../../../../pic32mx/lib/libpic32.a(default-on-reset.o)
 .comment       0x00000000       0x3d /opt/microchip/xc32/v1.40/bin/bin/../../lib/gcc/pic32mx/4.8.3/../../../../pic32mx/lib/libpic32.a(default-on-bootstrap.o)
 .comment       0x00000054       0x18 /opt/microchip/xc32/v1.40/bin/bin/../../lib/gcc/pic32mx/4.8.3/../../../../pic32mx/lib/libpic32.a(memcmp.o)
                                 0x19 (size before relaxing)
 .comment       0x00000000       0x3d /opt/microchip/xc32/v1.40/bin/bin/../../lib/gcc/pic32mx/4.8.3/../../../../pic32mx/lib/libpic32.a(defaultinterrupt.o)

.debug
 *(.debug)

.line
 *(.line)

.debug_srcinfo
 *(.debug_srcinfo)

.debug_sfnames
 *(.debug_sfnames)

.debug_aranges  0x00000000      0x8e0
 *(.debug_aranges)
 .debug_aranges
                0x00000000       0x20 /opt/microchip/xc32/v1.40/bin/bin/../../lib/gcc/pic32mx/4.8.3/../../../../pic32mx/lib/software-debug-break.o
 .debug_aranges
                0x00000020       0x38 build/default/debug/_ext/639803181/sys_clk_static.o
 .debug_aranges
                0x00000058       0x20 build/default/debug/_ext/822048611/sys_ports_static.o
 .debug_aranges
                0x00000078       0x20 build/default/debug/_ext/1688732426/system_init.o
 .debug_aranges
                0x00000098       0x18 build/default/debug/_ext/1688732426/system_interrupt.o
 .debug_aranges
                0x000000b0       0x20 build/default/debug/_ext/1688732426/system_exceptions.o
 .debug_aranges
                0x000000d0       0x30 build/default/debug/_ext/1688732426/system_tasks.o
 .debug_aranges
                0x00000100       0x28 build/default/debug/_ext/1688732426/rtos_hooks.o
 .debug_aranges
                0x00000128       0x38 build/default/debug/_ext/1360937237/app.o
 .debug_aranges
                0x00000160       0x20 build/default/debug/_ext/1360937237/main.o
 .debug_aranges
                0x00000180       0x88 build/default/debug/_ext/24337685/osal_freertos.o
 .debug_aranges
                0x00000208       0x78 build/default/debug/_ext/1271179505/sys_devcon.o
 .debug_aranges
                0x00000280       0x20 build/default/debug/_ext/1271179505/sys_devcon_pic32mx.o
 .debug_aranges
                0x000002a0       0x48 build/default/debug/_ext/122796885/sys_int_pic32.o
 .debug_aranges
                0x000002e8       0xf8 build/default/debug/_ext/77319752/sys_ports.o
 .debug_aranges
                0x000003e0       0x38 build/default/debug/_ext/1856876499/heap_1.o
 .debug_aranges
                0x00000418       0x58 build/default/debug/_ext/12131622/port.o
 .debug_aranges
                0x00000470       0x20 build/default/debug/_ext/12131622/port_asm.o
 .debug_aranges
                0x00000490       0x18 build/default/debug/_ext/1128951024/croutine.o
 .debug_aranges
                0x000004a8       0x40 build/default/debug/_ext/1128951024/list.o
 .debug_aranges
                0x000004e8       0xb8 build/default/debug/_ext/1128951024/queue.o
 .debug_aranges
                0x000005a0      0x1a0 build/default/debug/_ext/1128951024/tasks.o
 .debug_aranges
                0x00000740       0x70 build/default/debug/_ext/1128951024/timers.o
 .debug_aranges
                0x000007b0       0x60 build/default/debug/_ext/1128951024/event_groups.o
 .debug_aranges
                0x00000810       0x28 build/default/debug/_ext/1360937237/app_timer.o
 .debug_aranges
                0x00000838       0x28 build/default/debug/_ext/1360937237/debug.o
 .debug_aranges
                0x00000860       0x20 /opt/microchip/xc32/v1.40/bin/bin/../../lib/gcc/pic32mx/4.8.3/../../../../pic32mx/lib/libpic32.a(default-bootstrap-exception-handler.o)
 .debug_aranges
                0x00000880       0x20 /opt/microchip/xc32/v1.40/bin/bin/../../lib/gcc/pic32mx/4.8.3/../../../../pic32mx/lib/libpic32.a(default-on-reset.o)
 .debug_aranges
                0x000008a0       0x20 /opt/microchip/xc32/v1.40/bin/bin/../../lib/gcc/pic32mx/4.8.3/../../../../pic32mx/lib/libpic32.a(default-on-bootstrap.o)
 .debug_aranges
                0x000008c0       0x20 /opt/microchip/xc32/v1.40/bin/bin/../../lib/gcc/pic32mx/4.8.3/../../../../pic32mx/lib/libpic32.a(defaultinterrupt.o)

.debug_pubnames
 *(.debug_pubnames)

.debug_info     0x00000000    0x14836
 *(.debug_info .gnu.linkonce.wi.*)
 .debug_info    0x00000000       0xd3 /opt/microchip/xc32/v1.40/bin/bin/../../lib/gcc/pic32mx/4.8.3/../../../../pic32mx/lib/software-debug-break.o
 .debug_info    0x000000d3      0xdef build/default/debug/_ext/639803181/sys_clk_static.o
 .debug_info    0x00000ec2      0xcca build/default/debug/_ext/822048611/sys_ports_static.o
 .debug_info    0x00001b8c      0x995 build/default/debug/_ext/1688732426/system_init.o
 .debug_info    0x00002521      0x442 build/default/debug/_ext/1688732426/system_interrupt.o
 .debug_info    0x00002963      0x4ef build/default/debug/_ext/1688732426/system_exceptions.o
 .debug_info    0x00002e52      0x7ea build/default/debug/_ext/1688732426/system_tasks.o
 .debug_info    0x0000363c      0x261 build/default/debug/_ext/1688732426/rtos_hooks.o
 .debug_info    0x0000389d      0xa95 build/default/debug/_ext/1360937237/app.o
 .debug_info    0x00004332      0x1b7 build/default/debug/_ext/1360937237/main.o
 .debug_info    0x000044e9      0xab3 build/default/debug/_ext/24337685/osal_freertos.o
 .debug_info    0x00004f9c     0x1096 build/default/debug/_ext/1271179505/sys_devcon.o
 .debug_info    0x00006032      0xd60 build/default/debug/_ext/1271179505/sys_devcon_pic32mx.o
 .debug_info    0x00006d92     0x15cf build/default/debug/_ext/122796885/sys_int_pic32.o
 .debug_info    0x00008361     0x3264 build/default/debug/_ext/77319752/sys_ports.o
 .debug_info    0x0000b5c5      0x383 build/default/debug/_ext/1856876499/heap_1.o
 .debug_info    0x0000b948     0x11b6 build/default/debug/_ext/12131622/port.o
 .debug_info    0x0000cafe       0xc8 build/default/debug/_ext/12131622/port_asm.o
 .debug_info    0x0000cbc6      0x17a build/default/debug/_ext/1128951024/croutine.o
 .debug_info    0x0000cd40      0x483 build/default/debug/_ext/1128951024/list.o
 .debug_info    0x0000d1c3     0x1852 build/default/debug/_ext/1128951024/queue.o
 .debug_info    0x0000ea15     0x2a00 build/default/debug/_ext/1128951024/tasks.o
 .debug_info    0x00011415     0x1517 build/default/debug/_ext/1128951024/timers.o
 .debug_info    0x0001292c      0xd5e build/default/debug/_ext/1128951024/event_groups.o
 .debug_info    0x0001368a      0x695 build/default/debug/_ext/1360937237/app_timer.o
 .debug_info    0x00013d1f      0x7db build/default/debug/_ext/1360937237/debug.o
 .debug_info    0x000144fa       0xe3 /opt/microchip/xc32/v1.40/bin/bin/../../lib/gcc/pic32mx/4.8.3/../../../../pic32mx/lib/libpic32.a(default-bootstrap-exception-handler.o)
 .debug_info    0x000145dd       0xbd /opt/microchip/xc32/v1.40/bin/bin/../../lib/gcc/pic32mx/4.8.3/../../../../pic32mx/lib/libpic32.a(default-on-reset.o)
 .debug_info    0x0001469a       0xc5 /opt/microchip/xc32/v1.40/bin/bin/../../lib/gcc/pic32mx/4.8.3/../../../../pic32mx/lib/libpic32.a(default-on-bootstrap.o)
 .debug_info    0x0001475f       0xd7 /opt/microchip/xc32/v1.40/bin/bin/../../lib/gcc/pic32mx/4.8.3/../../../../pic32mx/lib/libpic32.a(defaultinterrupt.o)

.debug_abbrev   0x00000000     0x287a
 *(.debug_abbrev)
 .debug_abbrev  0x00000000       0x28 /opt/microchip/xc32/v1.40/bin/bin/../../lib/gcc/pic32mx/4.8.3/../../../../pic32mx/lib/software-debug-break.o
 .debug_abbrev  0x00000028      0x1f8 build/default/debug/_ext/639803181/sys_clk_static.o
 .debug_abbrev  0x00000220      0x12f build/default/debug/_ext/822048611/sys_ports_static.o
 .debug_abbrev  0x0000034f      0x1dd build/default/debug/_ext/1688732426/system_init.o
 .debug_abbrev  0x0000052c       0x33 build/default/debug/_ext/1688732426/system_interrupt.o
 .debug_abbrev  0x0000055f       0x7b build/default/debug/_ext/1688732426/system_exceptions.o
 .debug_abbrev  0x000005da      0x154 build/default/debug/_ext/1688732426/system_tasks.o
 .debug_abbrev  0x0000072e       0x97 build/default/debug/_ext/1688732426/rtos_hooks.o
 .debug_abbrev  0x000007c5      0x223 build/default/debug/_ext/1360937237/app.o
 .debug_abbrev  0x000009e8       0x93 build/default/debug/_ext/1360937237/main.o
 .debug_abbrev  0x00000a7b      0x1fe build/default/debug/_ext/24337685/osal_freertos.o
 .debug_abbrev  0x00000c79      0x2a1 build/default/debug/_ext/1271179505/sys_devcon.o
 .debug_abbrev  0x00000f1a      0x16d build/default/debug/_ext/1271179505/sys_devcon_pic32mx.o
 .debug_abbrev  0x00001087      0x1ea build/default/debug/_ext/122796885/sys_int_pic32.o
 .debug_abbrev  0x00001271      0x219 build/default/debug/_ext/77319752/sys_ports.o
 .debug_abbrev  0x0000148a      0x13f build/default/debug/_ext/1856876499/heap_1.o
 .debug_abbrev  0x000015c9      0x2cf build/default/debug/_ext/12131622/port.o
 .debug_abbrev  0x00001898       0x14 build/default/debug/_ext/12131622/port_asm.o
 .debug_abbrev  0x000018ac       0x1b build/default/debug/_ext/1128951024/croutine.o
 .debug_abbrev  0x000018c7       0xf1 build/default/debug/_ext/1128951024/list.o
 .debug_abbrev  0x000019b8      0x2e0 build/default/debug/_ext/1128951024/queue.o
 .debug_abbrev  0x00001c98      0x2f9 build/default/debug/_ext/1128951024/tasks.o
 .debug_abbrev  0x00001f91      0x353 build/default/debug/_ext/1128951024/timers.o
 .debug_abbrev  0x000022e4      0x29a build/default/debug/_ext/1128951024/event_groups.o
 .debug_abbrev  0x0000257e      0x12f build/default/debug/_ext/1360937237/app_timer.o
 .debug_abbrev  0x000026ad      0x12d build/default/debug/_ext/1360937237/debug.o
 .debug_abbrev  0x000027da       0x28 /opt/microchip/xc32/v1.40/bin/bin/../../lib/gcc/pic32mx/4.8.3/../../../../pic32mx/lib/libpic32.a(default-bootstrap-exception-handler.o)
 .debug_abbrev  0x00002802       0x28 /opt/microchip/xc32/v1.40/bin/bin/../../lib/gcc/pic32mx/4.8.3/../../../../pic32mx/lib/libpic32.a(default-on-reset.o)
 .debug_abbrev  0x0000282a       0x28 /opt/microchip/xc32/v1.40/bin/bin/../../lib/gcc/pic32mx/4.8.3/../../../../pic32mx/lib/libpic32.a(default-on-bootstrap.o)
 .debug_abbrev  0x00002852       0x28 /opt/microchip/xc32/v1.40/bin/bin/../../lib/gcc/pic32mx/4.8.3/../../../../pic32mx/lib/libpic32.a(defaultinterrupt.o)

.debug_line     0x00000000     0x510a
 *(.debug_line)
 .debug_line    0x00000000       0x8a /opt/microchip/xc32/v1.40/bin/bin/../../lib/gcc/pic32mx/4.8.3/../../../../pic32mx/lib/software-debug-break.o
 .debug_line    0x0000008a      0x3ae build/default/debug/_ext/639803181/sys_clk_static.o
 .debug_line    0x00000438      0x2e2 build/default/debug/_ext/822048611/sys_ports_static.o
 .debug_line    0x0000071a      0x370 build/default/debug/_ext/1688732426/system_init.o
 .debug_line    0x00000a8a       0x5f build/default/debug/_ext/1688732426/system_interrupt.o
 .debug_line    0x00000ae9       0xe7 build/default/debug/_ext/1688732426/system_exceptions.o
 .debug_line    0x00000bd0      0x328 build/default/debug/_ext/1688732426/system_tasks.o
 .debug_line    0x00000ef8      0x148 build/default/debug/_ext/1688732426/rtos_hooks.o
 .debug_line    0x00001040      0x3d0 build/default/debug/_ext/1360937237/app.o
 .debug_line    0x00001410       0xcf build/default/debug/_ext/1360937237/main.o
 .debug_line    0x000014df      0x2d0 build/default/debug/_ext/24337685/osal_freertos.o
 .debug_line    0x000017af      0x631 build/default/debug/_ext/1271179505/sys_devcon.o
 .debug_line    0x00001de0      0x4cf build/default/debug/_ext/1271179505/sys_devcon_pic32mx.o
 .debug_line    0x000022af      0x3b6 build/default/debug/_ext/122796885/sys_int_pic32.o
 .debug_line    0x00002665      0x8c1 build/default/debug/_ext/77319752/sys_ports.o
 .debug_line    0x00002f26      0x219 build/default/debug/_ext/1856876499/heap_1.o
 .debug_line    0x0000313f      0x230 build/default/debug/_ext/12131622/port.o
 .debug_line    0x0000336f      0x102 build/default/debug/_ext/12131622/port_asm.o
 .debug_line    0x00003471       0x1d build/default/debug/_ext/1128951024/croutine.o
 .debug_line    0x0000348e      0x1f1 build/default/debug/_ext/1128951024/list.o
 .debug_line    0x0000367f      0x4a5 build/default/debug/_ext/1128951024/queue.o
 .debug_line    0x00003b24      0x843 build/default/debug/_ext/1128951024/tasks.o
 .debug_line    0x00004367      0x390 build/default/debug/_ext/1128951024/timers.o
 .debug_line    0x000046f7      0x324 build/default/debug/_ext/1128951024/event_groups.o
 .debug_line    0x00004a1b      0x201 build/default/debug/_ext/1360937237/app_timer.o
 .debug_line    0x00004c1c      0x2b5 build/default/debug/_ext/1360937237/debug.o
 .debug_line    0x00004ed1       0x97 /opt/microchip/xc32/v1.40/bin/bin/../../lib/gcc/pic32mx/4.8.3/../../../../pic32mx/lib/libpic32.a(default-bootstrap-exception-handler.o)
 .debug_line    0x00004f68       0x84 /opt/microchip/xc32/v1.40/bin/bin/../../lib/gcc/pic32mx/4.8.3/../../../../pic32mx/lib/libpic32.a(default-on-reset.o)
 .debug_line    0x00004fec       0x88 /opt/microchip/xc32/v1.40/bin/bin/../../lib/gcc/pic32mx/4.8.3/../../../../pic32mx/lib/libpic32.a(default-on-bootstrap.o)
 .debug_line    0x00005074       0x96 /opt/microchip/xc32/v1.40/bin/bin/../../lib/gcc/pic32mx/4.8.3/../../../../pic32mx/lib/libpic32.a(defaultinterrupt.o)

.debug_frame    0x00000000     0x1288
 *(.debug_frame)
 .debug_frame   0x00000000       0x20 /opt/microchip/xc32/v1.40/bin/bin/../../lib/gcc/pic32mx/4.8.3/../../../../pic32mx/lib/software-debug-break.o
 .debug_frame   0x00000020       0x58 build/default/debug/_ext/639803181/sys_clk_static.o
 .debug_frame   0x00000078       0x20 build/default/debug/_ext/822048611/sys_ports_static.o
 .debug_frame   0x00000098       0x28 build/default/debug/_ext/1688732426/system_init.o
 .debug_frame   0x000000c0       0x28 build/default/debug/_ext/1688732426/system_exceptions.o
 .debug_frame   0x000000e8       0x58 build/default/debug/_ext/1688732426/system_tasks.o
 .debug_frame   0x00000140       0x40 build/default/debug/_ext/1688732426/rtos_hooks.o
 .debug_frame   0x00000180       0x68 build/default/debug/_ext/1360937237/app.o
 .debug_frame   0x000001e8       0x28 build/default/debug/_ext/1360937237/main.o
 .debug_frame   0x00000210      0x150 build/default/debug/_ext/24337685/osal_freertos.o
 .debug_frame   0x00000360       0xe8 build/default/debug/_ext/1271179505/sys_devcon.o
 .debug_frame   0x00000448       0x28 build/default/debug/_ext/1271179505/sys_devcon_pic32mx.o
 .debug_frame   0x00000470       0x90 build/default/debug/_ext/122796885/sys_int_pic32.o
 .debug_frame   0x00000500      0x1d0 build/default/debug/_ext/77319752/sys_ports.o
 .debug_frame   0x000006d0       0x5c build/default/debug/_ext/1856876499/heap_1.o
 .debug_frame   0x0000072c       0xc0 build/default/debug/_ext/12131622/port.o
 .debug_frame   0x000007ec       0x60 build/default/debug/_ext/1128951024/list.o
 .debug_frame   0x0000084c      0x230 build/default/debug/_ext/1128951024/queue.o
 .debug_frame   0x00000a7c      0x4d4 build/default/debug/_ext/1128951024/tasks.o
 .debug_frame   0x00000f50      0x134 build/default/debug/_ext/1128951024/timers.o
 .debug_frame   0x00001084      0x108 build/default/debug/_ext/1128951024/event_groups.o
 .debug_frame   0x0000118c       0x40 build/default/debug/_ext/1360937237/app_timer.o
 .debug_frame   0x000011cc       0x30 build/default/debug/_ext/1360937237/debug.o
 .debug_frame   0x000011fc       0x2c /opt/microchip/xc32/v1.40/bin/bin/../../lib/gcc/pic32mx/4.8.3/../../../../pic32mx/lib/libpic32.a(default-bootstrap-exception-handler.o)
 .debug_frame   0x00001228       0x20 /opt/microchip/xc32/v1.40/bin/bin/../../lib/gcc/pic32mx/4.8.3/../../../../pic32mx/lib/libpic32.a(default-on-reset.o)
 .debug_frame   0x00001248       0x20 /opt/microchip/xc32/v1.40/bin/bin/../../lib/gcc/pic32mx/4.8.3/../../../../pic32mx/lib/libpic32.a(default-on-bootstrap.o)
 .debug_frame   0x00001268       0x20 /opt/microchip/xc32/v1.40/bin/bin/../../lib/gcc/pic32mx/4.8.3/../../../../pic32mx/lib/libpic32.a(defaultinterrupt.o)

.debug_str      0x00000000      0x626
 *(.debug_str)
 .debug_str     0x00000000        0x0 /opt/microchip/xc32/v1.40/bin/bin/../../lib/gcc/pic32mx/4.8.3/../../../../pic32mx/lib/software-debug-break.o
 .debug_str     0x00000000       0x39 build/default/debug/_ext/639803181/sys_clk_static.o
 .debug_str     0x00000039        0xd build/default/debug/_ext/822048611/sys_ports_static.o
 .debug_str     0x00000046        0xb build/default/debug/_ext/1688732426/system_init.o
 .debug_str     0x00000051        0x0 build/default/debug/_ext/1688732426/system_interrupt.o
 .debug_str     0x00000051        0x0 build/default/debug/_ext/1688732426/system_exceptions.o
 .debug_str     0x00000051        0x0 build/default/debug/_ext/1688732426/system_tasks.o
 .debug_str     0x00000051        0x9 build/default/debug/_ext/1688732426/rtos_hooks.o
 .debug_str     0x0000005a       0x14 build/default/debug/_ext/1360937237/app.o
 .debug_str     0x0000006e        0x0 build/default/debug/_ext/1360937237/main.o
 .debug_str     0x0000006e       0x40 build/default/debug/_ext/24337685/osal_freertos.o
 .debug_str     0x000000ae       0x16 build/default/debug/_ext/1271179505/sys_devcon.o
 .debug_str     0x000000c4        0x6 build/default/debug/_ext/1271179505/sys_devcon_pic32mx.o
 .debug_str     0x000000ca       0x2d build/default/debug/_ext/122796885/sys_int_pic32.o
 .debug_str     0x000000f7       0x98 build/default/debug/_ext/77319752/sys_ports.o
 .debug_str     0x0000018f       0x1d build/default/debug/_ext/1856876499/heap_1.o
 .debug_str     0x000001ac       0x37 build/default/debug/_ext/12131622/port.o
 .debug_str     0x000001e3        0x0 build/default/debug/_ext/1128951024/croutine.o
 .debug_str     0x000001e3       0x2b build/default/debug/_ext/1128951024/list.o
 .debug_str     0x0000020e       0xf1 build/default/debug/_ext/1128951024/queue.o
 .debug_str     0x000002ff      0x174 build/default/debug/_ext/1128951024/tasks.o
 .debug_str     0x00000473       0xbf build/default/debug/_ext/1128951024/timers.o
 .debug_str     0x00000532       0xe6 build/default/debug/_ext/1128951024/event_groups.o
 .debug_str     0x00000618        0x0 build/default/debug/_ext/1360937237/app_timer.o
 .debug_str     0x00000618        0xe build/default/debug/_ext/1360937237/debug.o
 .debug_str     0x00000626        0x0 /opt/microchip/xc32/v1.40/bin/bin/../../lib/gcc/pic32mx/4.8.3/../../../../pic32mx/lib/libpic32.a(default-bootstrap-exception-handler.o)
 .debug_str     0x00000626        0x0 /opt/microchip/xc32/v1.40/bin/bin/../../lib/gcc/pic32mx/4.8.3/../../../../pic32mx/lib/libpic32.a(default-on-reset.o)
 .debug_str     0x00000626        0x0 /opt/microchip/xc32/v1.40/bin/bin/../../lib/gcc/pic32mx/4.8.3/../../../../pic32mx/lib/libpic32.a(default-on-bootstrap.o)
 .debug_str     0x00000626        0x0 /opt/microchip/xc32/v1.40/bin/bin/../../lib/gcc/pic32mx/4.8.3/../../../../pic32mx/lib/libpic32.a(defaultinterrupt.o)

.debug_loc      0x00000000     0x58b1
 *(.debug_loc)
 .debug_loc     0x00000000       0x6d build/default/debug/_ext/639803181/sys_clk_static.o
 .debug_loc     0x0000006d       0x41 build/default/debug/_ext/1688732426/system_init.o
 .debug_loc     0x000000ae       0x20 build/default/debug/_ext/1688732426/system_exceptions.o
 .debug_loc     0x000000ce       0x60 build/default/debug/_ext/1688732426/system_tasks.o
 .debug_loc     0x0000012e       0x74 build/default/debug/_ext/1688732426/rtos_hooks.o
 .debug_loc     0x000001a2       0x9b build/default/debug/_ext/1360937237/app.o
 .debug_loc     0x0000023d       0x20 build/default/debug/_ext/1360937237/main.o
 .debug_loc     0x0000025d      0x58c build/default/debug/_ext/24337685/osal_freertos.o
 .debug_loc     0x000007e9      0x150 build/default/debug/_ext/1271179505/sys_devcon.o
 .debug_loc     0x00000939      0x100 build/default/debug/_ext/1271179505/sys_devcon_pic32mx.o
 .debug_loc     0x00000a39      0x10d build/default/debug/_ext/122796885/sys_int_pic32.o
 .debug_loc     0x00000b46      0xee1 build/default/debug/_ext/77319752/sys_ports.o
 .debug_loc     0x00001a27       0x69 build/default/debug/_ext/1856876499/heap_1.o
 .debug_loc     0x00001a90      0x1aa build/default/debug/_ext/12131622/port.o
 .debug_loc     0x00001c3a       0x31 build/default/debug/_ext/1128951024/list.o
 .debug_loc     0x00001c6b      0xf5e build/default/debug/_ext/1128951024/queue.o
 .debug_loc     0x00002bc9     0x1952 build/default/debug/_ext/1128951024/tasks.o
 .debug_loc     0x0000451b      0x901 build/default/debug/_ext/1128951024/timers.o
 .debug_loc     0x00004e1c      0xa0a build/default/debug/_ext/1128951024/event_groups.o
 .debug_loc     0x00005826       0x8b build/default/debug/_ext/1360937237/app_timer.o

.debug_macinfo
 *(.debug_macinfo)

.debug_weaknames
 *(.debug_weaknames)

.debug_funcnames
 *(.debug_funcnames)

.debug_typenames
 *(.debug_typenames)

.debug_varnames
 *(.debug_varnames)

.debug_pubtypes
 *(.debug_pubtypes)

.debug_ranges   0x00000000      0x7e0
 *(.debug_ranges)
 .debug_ranges  0x00000000       0x10 /opt/microchip/xc32/v1.40/bin/bin/../../lib/gcc/pic32mx/4.8.3/../../../../pic32mx/lib/software-debug-break.o
 .debug_ranges  0x00000010       0x28 build/default/debug/_ext/639803181/sys_clk_static.o
 .debug_ranges  0x00000038       0x10 build/default/debug/_ext/822048611/sys_ports_static.o
 .debug_ranges  0x00000048       0x10 build/default/debug/_ext/1688732426/system_init.o
 .debug_ranges  0x00000058       0x10 build/default/debug/_ext/1688732426/system_exceptions.o
 .debug_ranges  0x00000068       0x20 build/default/debug/_ext/1688732426/system_tasks.o
 .debug_ranges  0x00000088       0x18 build/default/debug/_ext/1688732426/rtos_hooks.o
 .debug_ranges  0x000000a0       0x28 build/default/debug/_ext/1360937237/app.o
 .debug_ranges  0x000000c8       0x10 build/default/debug/_ext/1360937237/main.o
 .debug_ranges  0x000000d8       0x78 build/default/debug/_ext/24337685/osal_freertos.o
 .debug_ranges  0x00000150       0x68 build/default/debug/_ext/1271179505/sys_devcon.o
 .debug_ranges  0x000001b8       0x10 build/default/debug/_ext/1271179505/sys_devcon_pic32mx.o
 .debug_ranges  0x000001c8       0x50 build/default/debug/_ext/122796885/sys_int_pic32.o
 .debug_ranges  0x00000218       0xe8 build/default/debug/_ext/77319752/sys_ports.o
 .debug_ranges  0x00000300       0x28 build/default/debug/_ext/1856876499/heap_1.o
 .debug_ranges  0x00000328       0x48 build/default/debug/_ext/12131622/port.o
 .debug_ranges  0x00000370       0x30 build/default/debug/_ext/1128951024/list.o
 .debug_ranges  0x000003a0       0xa8 build/default/debug/_ext/1128951024/queue.o
 .debug_ranges  0x00000448      0x1a8 build/default/debug/_ext/1128951024/tasks.o
 .debug_ranges  0x000005f0       0xe8 build/default/debug/_ext/1128951024/timers.o
 .debug_ranges  0x000006d8       0x98 build/default/debug/_ext/1128951024/event_groups.o
 .debug_ranges  0x00000770       0x18 build/default/debug/_ext/1360937237/app_timer.o
 .debug_ranges  0x00000788       0x18 build/default/debug/_ext/1360937237/debug.o
 .debug_ranges  0x000007a0       0x10 /opt/microchip/xc32/v1.40/bin/bin/../../lib/gcc/pic32mx/4.8.3/../../../../pic32mx/lib/libpic32.a(default-bootstrap-exception-handler.o)
 .debug_ranges  0x000007b0       0x10 /opt/microchip/xc32/v1.40/bin/bin/../../lib/gcc/pic32mx/4.8.3/../../../../pic32mx/lib/libpic32.a(default-on-reset.o)
 .debug_ranges  0x000007c0       0x10 /opt/microchip/xc32/v1.40/bin/bin/../../lib/gcc/pic32mx/4.8.3/../../../../pic32mx/lib/libpic32.a(default-on-bootstrap.o)
 .debug_ranges  0x000007d0       0x10 /opt/microchip/xc32/v1.40/bin/bin/../../lib/gcc/pic32mx/4.8.3/../../../../pic32mx/lib/libpic32.a(defaultinterrupt.o)

.gnu.attributes
                0x00000000       0x10
 *(.gnu.attributes)
 .gnu.attributes
                0x00000000       0x10 /opt/microchip/xc32/v1.40/bin/bin/../../lib/gcc/pic32mx/4.8.3/../../../../pic32mx/lib/software-debug-break.o
 .gnu.attributes
                0x00000010       0x10 build/default/debug/_ext/639803181/sys_clk_static.o
 .gnu.attributes
                0x00000020       0x10 build/default/debug/_ext/822048611/sys_ports_static.o
 .gnu.attributes
                0x00000030       0x10 build/default/debug/_ext/1688732426/system_init.o
 .gnu.attributes
                0x00000040       0x10 build/default/debug/_ext/1688732426/system_interrupt.o
 .gnu.attributes
                0x00000050       0x10 build/default/debug/_ext/1688732426/system_exceptions.o
 .gnu.attributes
                0x00000060       0x10 build/default/debug/_ext/1688732426/system_tasks.o
 .gnu.attributes
                0x00000070       0x10 build/default/debug/_ext/1688732426/rtos_hooks.o
 .gnu.attributes
                0x00000080       0x10 build/default/debug/_ext/1360937237/app.o
 .gnu.attributes
                0x00000090       0x10 build/default/debug/_ext/1360937237/main.o
 .gnu.attributes
                0x000000a0       0x10 build/default/debug/_ext/24337685/osal_freertos.o
 .gnu.attributes
                0x000000b0       0x10 build/default/debug/_ext/1271179505/sys_devcon.o
 .gnu.attributes
                0x000000c0       0x10 build/default/debug/_ext/1271179505/sys_devcon_pic32mx.o
 .gnu.attributes
                0x000000d0       0x10 build/default/debug/_ext/122796885/sys_int_pic32.o
 .gnu.attributes
                0x000000e0       0x10 build/default/debug/_ext/77319752/sys_ports.o
 .gnu.attributes
                0x000000f0       0x10 build/default/debug/_ext/1856876499/heap_1.o
 .gnu.attributes
                0x00000100       0x10 build/default/debug/_ext/12131622/port.o
 .gnu.attributes
                0x00000110       0x10 build/default/debug/_ext/1128951024/croutine.o
 .gnu.attributes
                0x00000120       0x10 build/default/debug/_ext/1128951024/list.o
 .gnu.attributes
                0x00000130       0x10 build/default/debug/_ext/1128951024/queue.o
 .gnu.attributes
                0x00000140       0x10 build/default/debug/_ext/1128951024/tasks.o
 .gnu.attributes
                0x00000150       0x10 build/default/debug/_ext/1128951024/timers.o
 .gnu.attributes
                0x00000160       0x10 build/default/debug/_ext/1128951024/event_groups.o
 .gnu.attributes
                0x00000170       0x10 build/default/debug/_ext/1360937237/app_timer.o
 .gnu.attributes
                0x00000180       0x10 build/default/debug/_ext/1360937237/debug.o
 .gnu.attributes
                0x00000190       0x10 /opt/microchip/xc32/v1.40/bin/bin/../../lib/gcc/pic32mx/4.8.3/../../../../pic32mx/lib/libpic32.a(default-bootstrap-exception-handler.o)
 .gnu.attributes
                0x000001a0       0x10 /opt/microchip/xc32/v1.40/bin/bin/../../lib/gcc/pic32mx/4.8.3/../../../../pic32mx/lib/libpic32.a(default-on-reset.o)
 .gnu.attributes
                0x000001b0       0x10 /opt/microchip/xc32/v1.40/bin/bin/../../lib/gcc/pic32mx/4.8.3/../../../../pic32mx/lib/libpic32.a(default-on-bootstrap.o)
 .gnu.attributes
                0x000001c0       0x10 /opt/microchip/xc32/v1.40/bin/bin/../../lib/gcc/pic32mx/4.8.3/../../../../pic32mx/lib/libpic32.a(defaultinterrupt.o)
LOAD /opt/microchip/xc32/v1.40/bin/bin/../../lib/gcc/pic32mx/4.8.3/libgcc.a
START GROUP
LOAD /opt/microchip/xc32/v1.40/bin/bin/../../lib/gcc/pic32mx/4.8.3/../../../../pic32mx/lib/libpic32.a
LOAD /opt/microchip/xc32/v1.40/bin/bin/../../lib/gcc/pic32mx/4.8.3/../../../../pic32mx/lib/libdebug.a
LOAD /opt/microchip/xc32/v1.40/bin/bin/../../lib/gcc/pic32mx/4.8.3/../../../../pic32mx/lib/libpic32.a
LOAD /opt/microchip/xc32/v1.40/bin/bin/../../lib/gcc/pic32mx/4.8.3/../../../../pic32mx/lib/libm.a
LOAD /opt/microchip/xc32/v1.40/bin/bin/../../lib/gcc/pic32mx/4.8.3/../../../../pic32mx/lib/libe.a
LOAD /opt/microchip/xc32/v1.40/bin/bin/../../lib/gcc/pic32mx/4.8.3/../../../../pic32mx/lib/libdsp.a
LOAD /opt/microchip/xc32/v1.40/bin/bin/../../lib/gcc/pic32mx/4.8.3/libgcc.a
LOAD /opt/microchip/xc32/v1.40/bin/bin/../../lib/gcc/pic32mx/4.8.3/../../../../pic32mx/lib/libc.a
LOAD /opt/microchip/xc32/v1.40/bin/bin/../../lib/gcc/pic32mx/4.8.3/../../../../pic32mx/lib/libpic32.a
END GROUP
LOAD /opt/microchip/xc32/v1.40/bin/bin/../../lib/gcc/pic32mx/4.8.3/libgcc.a
OUTPUT(dist/default/debug/name_output.X.debug.elf elf32-tradlittlemips)
LOAD stack
LOAD data_init

.reginfo        0x00000000       0x18
 .reginfo       0x00000000       0x18 /opt/microchip/xc32/v1.40/bin/bin/../../lib/gcc/pic32mx/4.8.3/../../../../pic32mx/lib/./proc/32MX795F512L/crt0_mips32r2.o

.stack          0xa0005a28      0x400
 .stack         0xa0005a28      0x400 stack

.bss            0xa0000344     0x5640
 .bss           0xa0000344     0x5000 build/default/debug/_ext/1856876499/heap_1.o
 .bss           0xa0005344      0x640 build/default/debug/_ext/12131622/port.o
                0xa0005344                xISRStack

.data           0xa0005984       0x4c
 .data          0xa0005984       0x4c build/default/debug/_ext/1688732426/system_exceptions.o

.bss            0xa00059d0       0x28
 .bss           0xa00059d0       0x28 build/default/debug/_ext/1128951024/timers.o

.data           0xa00059f8       0x10
 .data          0xa00059f8       0x10 build/default/debug/_ext/1360937237/app.o
                0xa00059f8                Name

.text           0x9d000000      0x454
 .text          0x9d000000      0x454 build/default/debug/_ext/12131622/port_asm.o
                0x9d000000                vPortTickInterruptHandler
                0x9d0001ac                vPortStartFirstTask
                0x9d000274                vPortYieldISR

.text.prvTimerTask
                0x9d000454      0x264
 .text.prvTimerTask
                0x9d000454      0x264 build/default/debug/_ext/1128951024/timers.o

.text.xQueueGenericReceive
                0x9d0006b8      0x24c
 .text.xQueueGenericReceive
                0x9d0006b8      0x24c build/default/debug/_ext/1128951024/queue.o
                0x9d0006b8                xQueueGenericReceive

.text.xQueueGenericSend
                0x9d000904      0x208
 .text.xQueueGenericSend
                0x9d000904      0x208 build/default/debug/_ext/1128951024/queue.o
                0x9d000904                xQueueGenericSend

.text.xTaskGenericCreate
                0x9d000b0c      0x1c0
 .text.xTaskGenericCreate
                0x9d000b0c      0x1c0 build/default/debug/_ext/1128951024/tasks.o
                0x9d000b0c                xTaskGenericCreate

.text.xTaskIncrementTick
                0x9d000ccc      0x168
 .text.xTaskIncrementTick
                0x9d000ccc      0x168 build/default/debug/_ext/1128951024/tasks.o
                0x9d000ccc                xTaskIncrementTick

.text           0x9d000e34      0x168
 .text          0x9d000e34      0x168 /opt/microchip/xc32/v1.40/bin/bin/../../lib/gcc/pic32mx/4.8.3/../../../../pic32mx/lib/libpic32.a(memcpy.o)
                0x9d000e34                memcpy

.text.xTaskResumeAll
                0x9d000f9c      0x154
 .text.xTaskResumeAll
                0x9d000f9c      0x154 build/default/debug/_ext/1128951024/tasks.o
                0x9d000f9c                xTaskResumeAll

.text.vTaskPriorityInherit
                0x9d0010f0      0x12c
 .text.vTaskPriorityInherit
                0x9d0010f0      0x12c build/default/debug/_ext/1128951024/tasks.o
                0x9d0010f0                vTaskPriorityInherit

.text.vTaskSwitchContext
                0x9d00121c      0x11c
 .text.vTaskSwitchContext
                0x9d00121c      0x11c build/default/debug/_ext/1128951024/tasks.o
                0x9d00121c                vTaskSwitchContext

.dinit          0x9d001338      0x110
 .dinit         0x9d001338      0x110 data_init

.text.prvUnlockQueue
                0x9d001448      0x104
 .text.prvUnlockQueue
                0x9d001448      0x104 build/default/debug/_ext/1128951024/queue.o

.text.prvSampleTimeNow
                0x9d00154c      0x104
 .text.prvSampleTimeNow
                0x9d00154c      0x104 build/default/debug/_ext/1128951024/timers.o

.text.prvCopyDataToQueue
                0x9d001650       0xfc
 .text.prvCopyDataToQueue
                0x9d001650       0xfc build/default/debug/_ext/1128951024/queue.o

.text.xTaskPriorityDisinherit
                0x9d00174c       0xf8
 .text.xTaskPriorityDisinherit
                0x9d00174c       0xf8 build/default/debug/_ext/1128951024/tasks.o
                0x9d00174c                xTaskPriorityDisinherit

.text.xQueueGenericSendFromISR
                0x9d001844       0xe8
 .text.xQueueGenericSendFromISR
                0x9d001844       0xe8 build/default/debug/_ext/1128951024/queue.o
                0x9d001844                xQueueGenericSendFromISR

.rodata         0x9d00192c       0xdc
 .rodata        0x9d00192c       0xdc build/default/debug/_ext/1688732426/system_exceptions.o

.text.SYS_DEVCON_PerformanceConfig
                0x9d001a08       0xdc
 .text.SYS_DEVCON_PerformanceConfig
                0x9d001a08       0xdc build/default/debug/_ext/1271179505/sys_devcon_pic32mx.o
                0x9d001a08                SYS_DEVCON_PerformanceConfig

.text.general_exception
                0x9d001ae4       0xdc
 .text.general_exception
                0x9d001ae4       0xdc /opt/microchip/xc32/v1.40/bin/bin/../../lib/gcc/pic32mx/4.8.3/../../../../pic32mx/lib/libpic32.a(general-exception.o)
                0x9d001ae4                _general_exception_context

.text.xQueueGenericReset
                0x9d001bc0       0xc4
 .text.xQueueGenericReset
                0x9d001bc0       0xc4 build/default/debug/_ext/1128951024/queue.o
                0x9d001bc0                xQueueGenericReset

.text.xTaskRemoveFromEventList
                0x9d001c84       0xbc
 .text.xTaskRemoveFromEventList
                0x9d001c84       0xbc build/default/debug/_ext/1128951024/tasks.o
                0x9d001c84                xTaskRemoveFromEventList

.text.pvPortMalloc
                0x9d001d40       0xb8
 .text.pvPortMalloc
                0x9d001d40       0xb8 build/default/debug/_ext/1856876499/heap_1.o
                0x9d001d40                pvPortMalloc

.text.prvInitialiseTCBVariables
                0x9d001df8       0xb4
 .text.prvInitialiseTCBVariables
                0x9d001df8       0xb4 build/default/debug/_ext/1128951024/tasks.o
                0x9d001df8                prvInitialiseTCBVariables

.text           0x9d001eac       0xa8
 .text          0x9d001eac       0xa8 /opt/microchip/xc32/v1.40/bin/bin/../../lib/gcc/pic32mx/4.8.3/../../../../pic32mx/lib/libpic32.a(memset.o)
                0x9d001eac                memset

.text.xTaskCheckForTimeOut
                0x9d001f54       0xa0
 .text.xTaskCheckForTimeOut
                0x9d001f54       0xa0 build/default/debug/_ext/1128951024/tasks.o
                0x9d001f54                xTaskCheckForTimeOut

.text.xTimerCreate
                0x9d001ff4       0x98
 .text.xTimerCreate
                0x9d001ff4       0x98 build/default/debug/_ext/1128951024/timers.o
                0x9d001ff4                xTimerCreate

.text           0x9d00208c       0x98
 .text          0x9d00208c       0x98 /opt/microchip/xc32/v1.40/bin/bin/../../lib/gcc/pic32mx/4.8.3/../../../../pic32mx/lib/libpic32.a(memcmp.o)
                0x9d00208c                memcmp

.text.xQueueGenericCreate
                0x9d002124       0x94
 .text.xQueueGenericCreate
                0x9d002124       0x94 build/default/debug/_ext/1128951024/queue.o
                0x9d002124                xQueueGenericCreate

.text.vTaskPlaceOnEventList
                0x9d0021b8       0x94
 .text.vTaskPlaceOnEventList
                0x9d0021b8       0x94 build/default/debug/_ext/1128951024/tasks.o
                0x9d0021b8                vTaskPlaceOnEventList

.text.xTimerGenericCommand
                0x9d00224c       0x94
 .text.xTimerGenericCommand
                0x9d00224c       0x94 build/default/debug/_ext/1128951024/timers.o
                0x9d00224c                xTimerGenericCommand

.text.vTaskDelay
                0x9d0022e0       0x90
 .text.vTaskDelay
                0x9d0022e0       0x90 build/default/debug/_ext/1128951024/tasks.o
                0x9d0022e0                vTaskDelay

.text.vTaskStartScheduler
                0x9d002370       0x90
 .text.vTaskStartScheduler
                0x9d002370       0x90 build/default/debug/_ext/1128951024/tasks.o
                0x9d002370                vTaskStartScheduler

.text.prvInitialiseTaskLists
                0x9d002400       0x90
 .text.prvInitialiseTaskLists
                0x9d002400       0x90 build/default/debug/_ext/1128951024/tasks.o
                0x9d002400                prvInitialiseTaskLists

.text.prvCheckTasksWaitingTermination
                0x9d002490       0x90
 .text.prvCheckTasksWaitingTermination
                0x9d002490       0x90 build/default/debug/_ext/1128951024/tasks.o
                0x9d002490                prvCheckTasksWaitingTermination

.text.prvAllocateTCBAndStack
                0x9d002520       0x84
 .text.prvAllocateTCBAndStack
                0x9d002520       0x84 build/default/debug/_ext/1128951024/tasks.o
                0x9d002520                prvAllocateTCBAndStack

.text.SYS_Tasks
                0x9d0025a4       0x80
 .text.SYS_Tasks
                0x9d0025a4       0x80 build/default/debug/_ext/1688732426/system_tasks.o
                0x9d0025a4                SYS_Tasks

.text.SYS_CLK_Initialize
                0x9d002624       0x7c
 .text.SYS_CLK_Initialize
                0x9d002624       0x7c build/default/debug/_ext/639803181/sys_clk_static.o
                0x9d002624                SYS_CLK_Initialize

.text.vQueueWaitForMessageRestricted
                0x9d0026a0       0x74
 .text.vQueueWaitForMessageRestricted
                0x9d0026a0       0x74 build/default/debug/_ext/1128951024/queue.o
                0x9d0026a0                vQueueWaitForMessageRestricted

.text.prvInsertTimerInActiveList
                0x9d002714       0x74
 .text.prvInsertTimerInActiveList
                0x9d002714       0x74 build/default/debug/_ext/1128951024/timers.o

.text.prvCheckForValidListAndQueue
                0x9d002788       0x74
 .text.prvCheckForValidListAndQueue
                0x9d002788       0x74 build/default/debug/_ext/1128951024/timers.o

.text.prvAddCurrentTaskToDelayedList
                0x9d0027fc       0x70
 .text.prvAddCurrentTaskToDelayedList
                0x9d0027fc       0x70 build/default/debug/_ext/1128951024/tasks.o
                0x9d0027fc                prvAddCurrentTaskToDelayedList

.text.Timer_Initialize
                0x9d00286c       0x70
 .text.Timer_Initialize
                0x9d00286c       0x70 build/default/debug/_ext/1360937237/app_timer.o
                0x9d00286c                Timer_Initialize

.text.vApplicationSetupTickTimerInterrupt
                0x9d0028dc       0x6c
 .text.vApplicationSetupTickTimerInterrupt
                0x9d0028dc       0x6c build/default/debug/_ext/12131622/port.o
                0x9d0028dc                vApplicationSetupTickTimerInterrupt

.text.vTaskPlaceOnEventListRestricted
                0x9d002948       0x6c
 .text.vTaskPlaceOnEventListRestricted
                0x9d002948       0x6c build/default/debug/_ext/1128951024/tasks.o
                0x9d002948                vTaskPlaceOnEventListRestricted

.text.vTaskExitCritical
                0x9d0029b4       0x68
 .text.vTaskExitCritical
                0x9d0029b4       0x68 build/default/debug/_ext/1128951024/tasks.o
                0x9d0029b4                vTaskExitCritical

.text.xTimerCreateTimerTask
                0x9d002a1c       0x60
 .text.xTimerCreateTimerTask
                0x9d002a1c       0x60 build/default/debug/_ext/1128951024/timers.o
                0x9d002a1c                xTimerCreateTimerTask

.text.SYS_Initialize
                0x9d002a7c       0x5c
 .text.SYS_Initialize
                0x9d002a7c       0x5c build/default/debug/_ext/1688732426/system_init.o
                0x9d002a7c                SYS_Initialize

.text.xPortStartScheduler
                0x9d002ad8       0x5c
 .text.xPortStartScheduler
                0x9d002ad8       0x5c build/default/debug/_ext/12131622/port.o
                0x9d002ad8                xPortStartScheduler

.text.vListInsert
                0x9d002b34       0x5c
 .text.vListInsert
                0x9d002b34       0x5c build/default/debug/_ext/1128951024/list.o
                0x9d002b34                vListInsert

.text.SYS_DEVCON_SystemUnlock
                0x9d002b90       0x58
 .text.SYS_DEVCON_SystemUnlock
                0x9d002b90       0x58 build/default/debug/_ext/1271179505/sys_devcon.o
                0x9d002b90                SYS_DEVCON_SystemUnlock

.text.main_entry
                0x9d002be8       0x54
 .text.main_entry
                0x9d002be8       0x54 /opt/microchip/xc32/v1.40/bin/bin/../../lib/gcc/pic32mx/4.8.3/../../../../pic32mx/lib/./proc/32MX795F512L/crt0_mips32r2.o
                0x9d002c1c                __crt0_exit

.text.sendMsgToQ
                0x9d002c3c       0x54
 .text.sendMsgToQ
                0x9d002c3c       0x54 build/default/debug/_ext/1360937237/app.o
                0x9d002c3c                sendMsgToQ

.text.pxPortInitialiseStack
                0x9d002c90       0x54
 .text.pxPortInitialiseStack
                0x9d002c90       0x54 build/default/debug/_ext/12131622/port.o
                0x9d002c90                pxPortInitialiseStack

.text.vPortIncrementTick
                0x9d002ce4       0x54
 .text.vPortIncrementTick
                0x9d002ce4       0x54 build/default/debug/_ext/12131622/port.o
                0x9d002ce4                vPortIncrementTick

.text.APP_Initialize
                0x9d002d38       0x50
 .text.APP_Initialize
                0x9d002d38       0x50 build/default/debug/_ext/1360937237/app.o
                0x9d002d38                APP_Initialize

.text.APP_Tasks
                0x9d002d88       0x50
 .text.APP_Tasks
                0x9d002d88       0x50 build/default/debug/_ext/1360937237/app.o
                0x9d002d88                APP_Tasks

.text.prvCopyDataFromQueue
                0x9d002dd8       0x50
 .text.prvCopyDataFromQueue
                0x9d002dd8       0x50 build/default/debug/_ext/1128951024/queue.o

.text.vTaskEnterCritical
                0x9d002e28       0x50
 .text.vTaskEnterCritical
                0x9d002e28       0x50 build/default/debug/_ext/1128951024/tasks.o
                0x9d002e28                vTaskEnterCritical

.text.SYS_DEVCON_SystemLock
                0x9d002e78       0x48
 .text.SYS_DEVCON_SystemLock
                0x9d002e78       0x48 build/default/debug/_ext/1271179505/sys_devcon.o
                0x9d002e78                SYS_DEVCON_SystemLock

.text._bootstrap_exception_handler
                0x9d002ec0       0x48
 .text._bootstrap_exception_handler
                0x9d002ec0       0x48 /opt/microchip/xc32/v1.40/bin/bin/../../lib/gcc/pic32mx/4.8.3/../../../../pic32mx/lib/libpic32.a(default-bootstrap-exception-handler.o)
                0x9d002ec0                _bootstrap_exception_handler

.vector_default
                0x9d002f08       0x48
 .vector_default
                0x9d002f08       0x48 /opt/microchip/xc32/v1.40/bin/bin/../../lib/gcc/pic32mx/4.8.3/../../../../pic32mx/lib/libpic32.a(defaultinterrupt.o)
                0x9d002f08                _DefaultInterrupt

.text._general_exception_handler
                0x9d002f50       0x44
 .text._general_exception_handler
                0x9d002f50       0x44 build/default/debug/_ext/1688732426/system_exceptions.o
                0x9d002f50                _general_exception_handler

.text.uxListRemove
                0x9d002f94       0x44
 .text.uxListRemove
                0x9d002f94       0x44 build/default/debug/_ext/1128951024/list.o
                0x9d002f94                uxListRemove

.text           0x9d002fd8       0x44
 .text          0x9d002fd8       0x44 /opt/microchip/xc32/v1.40/bin/bin/../../lib/gcc/pic32mx/4.8.3/../../../../pic32mx/lib/pic32_software_reset.o
                0x9d002fd8                __pic32_software_reset

.text.SYS_PORTS_Initialize
                0x9d00301c       0x40
 .text.SYS_PORTS_Initialize
                0x9d00301c       0x40 build/default/debug/_ext/822048611/sys_ports_static.o
                0x9d00301c                SYS_PORTS_Initialize

.text.prvIdleTask
                0x9d00305c       0x40
 .text.prvIdleTask
                0x9d00305c       0x40 build/default/debug/_ext/1128951024/tasks.o
                0x9d00305c                prvIdleTask

.text.uxPortSetInterruptMaskFromISR
                0x9d00309c       0x3c
 .text.uxPortSetInterruptMaskFromISR
                0x9d00309c       0x3c build/default/debug/_ext/12131622/port.o
                0x9d00309c                uxPortSetInterruptMaskFromISR

.text.prvResetNextTaskUnblockTime
                0x9d0030d8       0x38
 .text.prvResetNextTaskUnblockTime
                0x9d0030d8       0x38 build/default/debug/_ext/1128951024/tasks.o
                0x9d0030d8                prvResetNextTaskUnblockTime

.text.vListInsertEnd
                0x9d003110       0x30
 .text.vListInsertEnd
                0x9d003110       0x30 build/default/debug/_ext/1128951024/list.o
                0x9d003110                vListInsertEnd

.text.prvDeleteTCB
                0x9d003140       0x30
 .text.prvDeleteTCB
                0x9d003140       0x30 build/default/debug/_ext/1128951024/tasks.o
                0x9d003140                prvDeleteTCB

.text.vApplicationStackOverflowHook
                0x9d003170       0x2c
 .text.vApplicationStackOverflowHook
                0x9d003170       0x2c build/default/debug/_ext/1688732426/rtos_hooks.o
                0x9d003170                vApplicationStackOverflowHook

.text.vApplicationMallocFailedHook
                0x9d00319c       0x2c
 .text.vApplicationMallocFailedHook
                0x9d00319c       0x2c build/default/debug/_ext/1688732426/rtos_hooks.o
                0x9d00319c                vApplicationMallocFailedHook

.text.prvTaskExitError
                0x9d0031c8       0x2c
 .text.prvTaskExitError
                0x9d0031c8       0x2c build/default/debug/_ext/12131622/port.o

.text.pvTaskIncrementMutexHeldCount
                0x9d0031f4       0x28
 .text.pvTaskIncrementMutexHeldCount
                0x9d0031f4       0x28 build/default/debug/_ext/1128951024/tasks.o
                0x9d0031f4                pvTaskIncrementMutexHeldCount

.text._SYS_Tasks
                0x9d00321c       0x20
 .text._SYS_Tasks
                0x9d00321c       0x20 build/default/debug/_ext/1688732426/system_tasks.o

.text.main      0x9d00323c       0x20
 .text.main     0x9d00323c       0x20 build/default/debug/_ext/1360937237/main.o
                0x9d00323c                main

.text.vListInitialise
                0x9d00325c       0x20
 .text.vListInitialise
                0x9d00325c       0x20 build/default/debug/_ext/1128951024/list.o
                0x9d00325c                vListInitialise

.text.xTaskGetSchedulerState
                0x9d00327c       0x20
 .text.xTaskGetSchedulerState
                0x9d00327c       0x20 build/default/debug/_ext/1128951024/tasks.o
                0x9d00327c                xTaskGetSchedulerState

.text.SYS_DEVCON_JTAGDisable
                0x9d00329c       0x1c
 .text.SYS_DEVCON_JTAGDisable
                0x9d00329c       0x1c build/default/debug/_ext/1271179505/sys_devcon.o
                0x9d00329c                SYS_DEVCON_JTAGDisable

.text.vPortClearInterruptMaskFromISR
                0x9d0032b8       0x1c
 .text.vPortClearInterruptMaskFromISR
                0x9d0032b8       0x1c build/default/debug/_ext/12131622/port.o
                0x9d0032b8                vPortClearInterruptMaskFromISR

.rodata         0x9d0032d4       0x1c
 .rodata        0x9d0032d4       0x1c build/default/debug/_ext/1128951024/tasks.o

.text.TimerCallback
                0x9d0032f0       0x1c
 .text.TimerCallback
                0x9d0032f0       0x1c build/default/debug/_ext/1360937237/app_timer.o
                0x9d0032f0                TimerCallback

.rodata         0x9d00330c       0x18
 .rodata        0x9d00330c       0x18 build/default/debug/_ext/1688732426/system_tasks.o

.text._APP_Tasks
                0x9d003324       0x18
 .text._APP_Tasks
                0x9d003324       0x18 build/default/debug/_ext/1688732426/system_tasks.o

.text.SYS_INT_Initialize